============================================================
KR 전략 백테스트 엔진
기간: 20190605 ~ 20260926 (89개월)
초기 자본: ₩10,000,000
전략: sepa
============================================================

OHLCV 데이터 로드 (20180501 ~ 20260926)...
  완료: 신규 0 + 캐시 391 = 391종목 (실패 0)
  시장 레짐 지표 로드 중...
  레짐 지표 캐시 2058일 사용 (source=kospi_fdr:FDR:YAHOO:^KS11)

시뮬레이션: 1794일
------------------------------------------------------------
  [2019-07-03] 자산 ₩10,000,000 | 포지션 0개 | 거래 0건
  [2019-07-31] 자산 ₩10,000,000 | 포지션 0개 | 거래 0건
  [2019-08-29] 자산 ₩10,000,000 | 포지션 0개 | 거래 0건
  [2019-09-30] 자산 ₩9,957,220 | 포지션 1개 | 거래 3건
  [2019-10-30] 자산 ₩9,799,955 | 포지션 2개 | 거래 16건
  [2019-11-27] 자산 ₩9,627,925 | 포지션 2개 | 거래 32건
  [2019-12-26] 자산 ₩10,015,940 | 포지션 1개 | 거래 43건
  [2020-01-29] 자산 ₩10,545,503 | 포지션 3개 | 거래 51건
  [2020-02-26] 자산 ₩10,219,468 | 포지션 2개 | 거래 72건
  [2020-03-25] 자산 ₩10,022,394 | 포지션 0개 | 거래 74건
  [2020-04-23] 자산 ₩10,022,394 | 포지션 0개 | 거래 74건
  [2020-05-26] 자산 ₩10,019,054 | 포지션 2개 | 거래 80건
  [2020-06-23] 자산 ₩9,914,229 | 포지션 3개 | 거래 95건
  [2020-07-21] 자산 ₩10,055,172 | 포지션 2개 | 거래 108건
  [2020-08-19] 자산 ₩10,102,296 | 포지션 1개 | 거래 123건
  [2020-09-16] 자산 ₩9,288,521 | 포지션 3개 | 거래 135건
  [2020-10-20] 자산 ₩8,877,380 | 포지션 3개 | 거래 153건
  [2020-11-17] 자산 ₩8,876,017 | 포지션 3개 | 거래 163건
  [2020-12-15] 자산 ₩8,979,899 | 포지션 3개 | 거래 175건
  [2021-01-15] 자산 ₩10,058,401 | 포지션 3개 | 거래 193건
  [2021-02-16] 자산 ₩11,570,553 | 포지션 4개 | 거래 212건
  [2021-03-17] 자산 ₩11,227,501 | 포지션 2개 | 거래 226건
  [2021-04-14] 자산 ₩11,787,568 | 포지션 3개 | 거래 237건
  [2021-05-13] 자산 ₩11,897,907 | 포지션 4개 | 거래 252건
  [2021-06-11] 자산 ₩11,704,010 | 포지션 3개 | 거래 269건
  [2021-07-09] 자산 ₩11,397,260 | 포지션 0개 | 거래 284건
  [2021-08-06] 자산 ₩12,192,829 | 포지션 2개 | 거래 294건
  [2021-09-06] 자산 ₩12,815,476 | 포지션 3개 | 거래 311건
  [2021-10-08] 자산 ₩13,115,939 | 포지션 1개 | 거래 319건
  [2021-11-08] 자산 ₩13,144,677 | 포지션 0개 | 거래 320건
  [2021-12-06] 자산 ₩13,144,677 | 포지션 0개 | 거래 320건
  [2022-01-04] 자산 ₩13,278,003 | 포지션 3개 | 거래 327건
  [2022-02-04] 자산 ₩13,100,713 | 포지션 0개 | 거래 334건
  [2022-03-07] 자산 ₩13,100,713 | 포지션 0개 | 거래 334건
  [2022-04-05] 자산 ₩13,100,713 | 포지션 0개 | 거래 334건
  [2022-05-03] 자산 ₩13,375,044 | 포지션 2개 | 거래 338건
  [2022-06-02] 자산 ₩13,757,357 | 포지션 0개 | 거래 340건
  [2022-07-01] 자산 ₩13,757,357 | 포지션 0개 | 거래 340건
  [2022-07-29] 자산 ₩13,757,357 | 포지션 0개 | 거래 340건
  [2022-08-29] 자산 ₩14,044,343 | 포지션 3개 | 거래 345건
  [2022-09-28] 자산 ₩13,634,045 | 포지션 1개 | 거래 359건
  [2022-10-28] 자산 ₩13,389,169 | 포지션 0개 | 거래 360건
  [2022-11-25] 자산 ₩13,774,270 | 포지션 3개 | 거래 363건
  [2022-12-23] 자산 ₩13,467,082 | 포지션 1개 | 거래 375건
  [2023-01-25] 자산 ₩13,112,178 | 포지션 0개 | 거래 380건
  [2023-02-22] 자산 ₩12,593,455 | 포지션 2개 | 거래 396건
  [2023-03-23] 자산 ₩13,494,414 | 포지션 4개 | 거래 410건
  [2023-04-20] 자산 ₩14,870,977 | 포지션 2개 | 거래 422건
  [2023-05-22] 자산 ₩14,169,686 | 포지션 2개 | 거래 440건
  [2023-06-21] 자산 ₩14,482,220 | 포지션 2개 | 거래 448건
  [2023-07-19] 자산 ₩14,718,001 | 포지션 3개 | 거래 461건
  [2023-08-17] 자산 ₩15,339,361 | 포지션 3개 | 거래 479건
  [2023-09-14] 자산 ₩16,264,140 | 포지션 2개 | 거래 492건
  [2023-10-19] 자산 ₩15,268,426 | 포지션 0개 | 거래 502건
  [2023-11-16] 자산 ₩15,268,426 | 포지션 0개 | 거래 502건
  [2023-12-14] 자산 ₩15,176,991 | 포지션 1개 | 거래 515건
  [2024-01-16] 자산 ₩14,434,206 | 포지션 1개 | 거래 533건
  [2024-02-15] 자산 ₩15,490,328 | 포지션 4개 | 거래 544건
  [2024-03-15] 자산 ₩14,795,726 | 포지션 2개 | 거래 562건
  [2024-04-15] 자산 ₩15,041,666 | 포지션 2개 | 거래 576건
  [2024-05-16] 자산 ₩17,016,591 | 포지션 3개 | 거래 587건
  [2024-06-14] 자산 ₩18,013,383 | 포지션 1개 | 거래 609건
  [2024-07-12] 자산 ₩17,482,231 | 포지션 3개 | 거래 627건
  [2024-08-09] 자산 ₩16,748,550 | 포지션 2개 | 거래 648건
  [2024-09-09] 자산 ₩16,827,776 | 포지션 1개 | 거래 659건
  [2024-10-15] 자산 ₩18,089,938 | 포지션 1개 | 거래 663건
  [2024-11-12] 자산 ₩17,044,650 | 포지션 0개 | 거래 664건
  [2024-12-10] 자산 ₩17,044,650 | 포지션 0개 | 거래 664건
  [2025-01-10] 자산 ₩17,044,650 | 포지션 0개 | 거래 664건
  [2025-02-13] 자산 ₩17,177,095 | 포지션 2개 | 거래 670건
  [2025-03-14] 자산 ₩16,325,881 | 포지션 2개 | 거래 692건
  [2025-04-11] 자산 ₩15,995,500 | 포지션 3개 | 거래 707건
  [2025-05-14] 자산 ₩16,076,491 | 포지션 2개 | 거래 716건
  [2025-06-13] 자산 ₩16,626,346 | 포지션 3개 | 거래 727건
  [2025-07-11] 자산 ₩17,306,910 | 포지션 4개 | 거래 740건
  [2025-08-08] 자산 ₩16,551,912 | 포지션 2개 | 거래 760건
  [2025-09-08] 자산 ₩17,853,090 | 포지션 4개 | 거래 774건
  [2025-10-13] 자산 ₩19,102,965 | 포지션 4개 | 거래 792건
  [2025-11-10] 자산 ₩16,342,245 | 포지션 3개 | 거래 815건
  [2025-12-08] 자산 ₩17,021,325 | 포지션 4개 | 거래 824건
  [2026-01-08] 자산 ₩16,421,270 | 포지션 1개 | 거래 849건
  [2026-02-05] 자산 ₩17,656,622 | 포지션 5개 | 거래 867건
  [2026-03-11] 자산 ₩17,537,617 | 포지션 2개 | 거래 894건
  [2026-04-08] 자산 ₩17,364,532 | 포지션 1개 | 거래 909건
  [2026-05-08] 자산 ₩18,166,218 | 포지션 3개 | 거래 929건
  [2026-06-09] 자산 ₩17,432,549 | 포지션 1개 | 거래 947건
  [2026-07-07] 자산 ₩17,610,215 | 포지션 2개 | 거래 962건
  [2026-08-05] 자산 ₩16,697,063 | 포지션 1개 | 거래 983건
  [2026-09-03] 자산 ₩16,686,685 | 포지션 3개 | 거래 997건
  [2026-09-23] 자산 ₩16,432,790 | 포지션 3개 | 거래 1007건

============================================================
 백테스트 결과 (2019-06-05 ~ 2026-09-23)
============================================================
  초기 자본:    ₩     10,000,000
  최종 자본:    ₩     16,432,790
  총 수익률:            +64.33%
  CAGR:                    7.0%
  MDD:                  -18.90%  (2020-01-23 ~ 2020-09-25)
  Sharpe Ratio:           0.29
  승률:                  29.9% (151/505)
  손익비:                 3.09
  총 거래 수:              505
  총 수수료:    ₩      1,906,218

-- 전략별 --
    SEPA: 수익  +64.2%, 승률   30%, 거래 505건, 평균 보유 7.6일

-- 월별 수익률 --
  2019-06:  +0.00% 
  2019-07:  +0.00% 
  2019-08:  +0.00% 
  2019-09:  -0.49% 
  2019-10:  -1.45% #
  2019-11:  -0.73% 
  2019-12:  +3.21% ###
  2020-01:  +4.49% ####
  2020-02:  -3.83% ###
  2020-03:  -0.73% 
  2020-04:  +0.00% 
  2020-05:  -0.31% 
  2020-06:  -1.41% #
  2020-07:  +2.12% ##
  2020-08: -10.92% ##########
  2020-09:  -2.22% ##
  2020-10:  -0.49% 
  2020-11:  +4.35% ####
  2020-12:  +5.09% #####
  2021-01: +18.18% ##################
  2021-02:  -1.98% #
  2021-03:  +0.50% 
  2021-04:  +4.20% ####
  2021-05:  -0.11% 
  2021-06:  +0.25% 
  2021-07:  +4.58% ####
  2021-08:  +3.40% ###
  2021-09:  +5.18% #####
  2021-10:  -0.49% 
  2021-11:  +0.00% 
  2021-12:  +0.83% 
  2022-01:  -1.16% #
  2022-02:  +0.00% 
  2022-03:  +0.00% 
  2022-04:  +1.87% #
  2022-05:  +3.08% ###
  2022-06:  +0.00% 
  2022-07:  +0.00% 
  2022-08:  +4.68% ####
  2022-09:  -6.50% ######
  2022-10:  -0.56% 
  2022-11:  +1.24% #
  2022-12:  -3.27% ###
  2023-01:  -1.68% #
  2023-02:  +2.62% ##
  2023-03: +12.94% ############
  2023-04:  -2.76% ##
  2023-05:  +0.00% 
  2023-06:  +1.07% #
  2023-07:  +7.57% #######
  2023-08:  +0.95% 
  2023-09:  -4.25% ####
  2023-10:  +0.00% 
  2023-11:  +2.16% ##
  2023-12:  -4.11% ####
  2024-01:  -1.21% #
  2024-02:  +2.75% ##
  2024-03:  -1.47% #
  2024-04:  +4.51% ####
  2024-05: +15.61% ###############
  2024-06:  -1.66% #
  2024-07:  -4.24% ####
  2024-08:  +0.62% 
  2024-09:  +0.30% 
  2024-10:  -0.77% 
  2024-11:  +0.00% 
  2024-12:  +0.00% 
  2025-01:  -0.74% 
  2025-02:  -3.15% ###
  2025-03:  -5.00% ####
  2025-04:  +3.23% ###
  2025-05:  +1.65% #
  2025-06:  +0.61% 
  2025-07:  +1.06% #
  2025-08:  +4.80% ####
  2025-09:  +8.43% ########
  2025-10: -10.91% ##########
  2025-11:  -2.16% ##
  2025-12:  +1.22% #
  2026-01:  +3.61% ###
  2026-02:  +2.90% ##
  2026-03:  +0.98% 
  2026-04:  +3.26% ###
  2026-05:  -5.68% #####
  2026-06:  +8.85% ########
  2026-07: -12.30% ############
  2026-08:  +0.77% 
  2026-09:  -2.17% ##
============================================================
