============================================================
KR 전략 백테스트 엔진
기간: 20190605 ~ 20260926 (89개월)
초기 자본: ₩10,000,000
전략: sepa
============================================================

OHLCV 데이터 로드 (20180501 ~ 20260926)...
  완료: 신규 0 + 캐시 391 = 391종목 (실패 0)
  시장 레짐 지표 로드 중...
  레짐 지표 캐시 2058일 사용 (source=kospi_fdr:FDR:YAHOO:^KS11)

시뮬레이션: 1794일
------------------------------------------------------------
  [2019-07-03] 자산 ₩10,000,000 | 포지션 0개 | 거래 0건
  [2019-07-31] 자산 ₩10,000,000 | 포지션 0개 | 거래 0건
  [2019-08-29] 자산 ₩10,000,000 | 포지션 0개 | 거래 0건
  [2019-09-30] 자산 ₩9,957,220 | 포지션 1개 | 거래 3건
  [2019-10-30] 자산 ₩9,837,637 | 포지션 3개 | 거래 13건
  [2019-11-27] 자산 ₩9,255,135 | 포지션 1개 | 거래 31건
  [2019-12-26] 자산 ₩9,497,574 | 포지션 3개 | 거래 43건
  [2020-01-29] 자산 ₩9,668,261 | 포지션 3개 | 거래 45건
  [2020-02-26] 자산 ₩9,343,341 | 포지션 2개 | 거래 56건
  [2020-03-25] 자산 ₩9,204,723 | 포지션 0개 | 거래 58건
  [2020-04-23] 자산 ₩9,204,723 | 포지션 0개 | 거래 58건
  [2020-05-26] 자산 ₩9,178,695 | 포지션 3개 | 거래 67건
  [2020-06-23] 자산 ₩10,840,198 | 포지션 3개 | 거래 81건
  [2020-07-21] 자산 ₩10,628,966 | 포지션 4개 | 거래 90건
  [2020-08-19] 자산 ₩10,629,363 | 포지션 3개 | 거래 99건
  [2020-09-16] 자산 ₩9,255,139 | 포지션 3개 | 거래 115건
  [2020-10-20] 자산 ₩8,963,988 | 포지션 3개 | 거래 131건
  [2020-11-17] 자산 ₩8,709,667 | 포지션 3개 | 거래 139건
  [2020-12-15] 자산 ₩8,462,731 | 포지션 2개 | 거래 152건
  [2021-01-15] 자산 ₩9,155,710 | 포지션 3개 | 거래 159건
  [2021-02-16] 자산 ₩10,489,770 | 포지션 5개 | 거래 165건
  [2021-03-17] 자산 ₩9,829,180 | 포지션 4개 | 거래 180건
  [2021-04-14] 자산 ₩10,288,926 | 포지션 5개 | 거래 185건
  [2021-05-13] 자산 ₩10,151,643 | 포지션 4개 | 거래 192건
  [2021-06-11] 자산 ₩10,421,599 | 포지션 4개 | 거래 198건
  [2021-07-09] 자산 ₩10,195,741 | 포지션 0개 | 거래 204건
  [2021-08-06] 자산 ₩11,405,808 | 포지션 3개 | 거래 217건
  [2021-09-06] 자산 ₩11,442,976 | 포지션 4개 | 거래 228건
  [2021-10-08] 자산 ₩10,957,797 | 포지션 1개 | 거래 233건
  [2021-11-08] 자산 ₩10,889,457 | 포지션 0개 | 거래 234건
  [2021-12-06] 자산 ₩10,889,457 | 포지션 0개 | 거래 234건
  [2022-01-04] 자산 ₩10,998,765 | 포지션 3개 | 거래 241건
  [2022-02-04] 자산 ₩10,666,708 | 포지션 1개 | 거래 247건
  [2022-03-07] 자산 ₩10,564,308 | 포지션 0개 | 거래 248건
  [2022-04-05] 자산 ₩10,564,308 | 포지션 0개 | 거래 248건
  [2022-05-03] 자산 ₩10,757,865 | 포지션 3개 | 거래 253건
  [2022-06-02] 자산 ₩11,196,826 | 포지션 1개 | 거래 255건
  [2022-07-01] 자산 ₩11,430,826 | 포지션 1개 | 거래 255건
  [2022-07-29] 자산 ₩11,534,826 | 포지션 1개 | 거래 255건
  [2022-08-29] 자산 ₩12,107,001 | 포지션 3개 | 거래 257건
  [2022-09-28] 자산 ₩12,128,883 | 포지션 2개 | 거래 266건
  [2022-10-28] 자산 ₩12,543,747 | 포지션 1개 | 거래 267건
  [2022-11-25] 자산 ₩13,965,743 | 포지션 4개 | 거래 272건
  [2022-12-23] 자산 ₩13,740,177 | 포지션 4개 | 거래 284건
  [2023-01-25] 자산 ₩14,685,527 | 포지션 1개 | 거래 287건
  [2023-02-22] 자산 ₩14,397,199 | 포지션 3개 | 거래 303건
  [2023-03-23] 자산 ₩15,825,840 | 포지션 7개 | 거래 309건
  [2023-04-20] 자산 ₩17,653,700 | 포지션 8개 | 거래 320건
  [2023-05-22] 자산 ₩15,613,693 | 포지션 2개 | 거래 338건
  [2023-06-21] 자산 ₩15,677,896 | 포지션 4개 | 거래 358건
  [2023-07-19] 자산 ₩16,450,442 | 포지션 3개 | 거래 373건
  [2023-08-17] 자산 ₩17,793,229 | 포지션 4개 | 거래 390건
  [2023-09-14] 자산 ₩18,049,855 | 포지션 5개 | 거래 399건
  [2023-10-19] 자산 ₩16,945,756 | 포지션 1개 | 거래 409건
  [2023-11-16] 자산 ₩17,416,996 | 포지션 1개 | 거래 409건
  [2023-12-14] 자산 ₩16,874,936 | 포지션 3개 | 거래 423건
  [2024-01-16] 자산 ₩16,007,936 | 포지션 1개 | 거래 441건
  [2024-02-15] 자산 ₩17,091,292 | 포지션 4개 | 거래 452건
  [2024-03-15] 자산 ₩18,528,640 | 포지션 2개 | 거래 468건
  [2024-04-15] 자산 ₩21,265,104 | 포지션 3개 | 거래 485건
  [2024-05-16] 자산 ₩20,792,176 | 포지션 5개 | 거래 495건
  [2024-06-14] 자산 ₩19,128,414 | 포지션 3개 | 거래 511건
  [2024-07-12] 자산 ₩18,204,144 | 포지션 2개 | 거래 526건
  [2024-08-09] 자산 ₩17,610,374 | 포지션 2개 | 거래 546건
  [2024-09-09] 자산 ₩17,804,122 | 포지션 3개 | 거래 553건
  [2024-10-15] 자산 ₩17,445,295 | 포지션 0개 | 거래 558건
  [2024-11-12] 자산 ₩17,445,295 | 포지션 0개 | 거래 558건
  [2024-12-10] 자산 ₩17,445,295 | 포지션 0개 | 거래 558건
  [2025-01-10] 자산 ₩17,445,295 | 포지션 0개 | 거래 558건
  [2025-02-13] 자산 ₩17,583,134 | 포지션 3개 | 거래 563건
  [2025-03-14] 자산 ₩18,275,720 | 포지션 3개 | 거래 569건
  [2025-04-11] 자산 ₩17,216,813 | 포지션 1개 | 거래 585건
  [2025-05-14] 자산 ₩16,798,693 | 포지션 2개 | 거래 592건
  [2025-06-13] 자산 ₩18,036,764 | 포지션 5개 | 거래 601건
  [2025-07-11] 자산 ₩19,442,213 | 포지션 7개 | 거래 613건
  [2025-08-08] 자산 ₩18,469,023 | 포지션 4개 | 거래 630건
  [2025-09-08] 자산 ₩18,201,666 | 포지션 3개 | 거래 641건
  [2025-10-13] 자산 ₩18,757,739 | 포지션 6개 | 거래 652건
  [2025-11-10] 자산 ₩19,656,291 | 포지션 6개 | 거래 668건
  [2025-12-08] 자산 ₩21,985,980 | 포지션 6개 | 거래 682건
  [2026-01-08] 자산 ₩22,955,714 | 포지션 4개 | 거래 704건
  [2026-02-05] 자산 ₩24,888,562 | 포지션 6개 | 거래 720건
  [2026-03-11] 자산 ₩25,919,176 | 포지션 2개 | 거래 740건
  [2026-04-08] 자산 ₩25,156,628 | 포지션 2개 | 거래 760건
  [2026-05-08] 자산 ₩27,743,779 | 포지션 5개 | 거래 777건
  [2026-06-09] 자산 ₩25,530,298 | 포지션 1개 | 거래 789건
  [2026-07-07] 자산 ₩25,393,032 | 포지션 4개 | 거래 806건
  [2026-08-05] 자산 ₩23,767,224 | 포지션 2개 | 거래 824건
  [2026-09-03] 자산 ₩24,096,090 | 포지션 2개 | 거래 838건
  [2026-09-23] 자산 ₩24,419,594 | 포지션 3개 | 거래 843건

============================================================
 백테스트 결과 (2019-06-05 ~ 2026-09-23)
============================================================
  초기 자본:    ₩     10,000,000
  최종 자본:    ₩     24,419,594
  총 수익률:           +144.20%
  CAGR:                   13.0%
  MDD:                  -26.38%  (2026-03-30 ~ 2026-08-12)
  Sharpe Ratio:           0.53
  승률:                  22.2% (94/423)
  손익비:                 4.83
  총 거래 수:              423
  총 수수료:    ₩      1,426,991

-- 전략별 --
    SEPA: 수익 +144.0%, 승률   22%, 거래 423건, 평균 보유 12.0일

-- 월별 수익률 --
  2019-06:  +0.00% 
  2019-07:  +0.00% 
  2019-08:  +0.00% 
  2019-09:  -0.49% 
  2019-10:  -1.27% #
  2019-11:  -5.01% #####
  2019-12:  +2.52% ##
  2020-01:  +0.85% 
  2020-02:  -3.90% ###
  2020-03:  -0.73% 
  2020-04:  +0.00% 
  2020-05:  +3.02% ###
  2020-06:  +5.42% #####
  2020-07:  +7.89% #######
  2020-08: -12.91% ############
  2020-09:  -5.78% #####
  2020-10:  -0.33% 
  2020-11:  -2.95% ##
  2020-12:  +1.60% #
  2021-01: +15.76% ###############
  2021-02:  -2.41% ##
  2021-03:  +0.12% 
  2021-04:  +3.66% ###
  2021-05:  +1.75% #
  2021-06:  +0.45% 
  2021-07:  +6.12% ######
  2021-08:  +1.93% #
  2021-09:  -1.00% 
  2021-10:  -2.45% ##
  2021-11:  +0.00% 
  2021-12:  +0.82% 
  2022-01:  -1.82% #
  2022-02:  -1.99% #
  2022-03:  +0.00% 
  2022-04:  +1.75% #
  2022-05:  +4.16% ####
  2022-06:  +2.09% ##
  2022-07:  +1.19% #
  2022-08:  +6.75% ######
  2022-09:  +1.50% #
  2022-10:  -0.38% 
  2022-11:  +9.24% #########
  2022-12:  +2.15% ##
  2023-01:  +5.52% #####
  2023-02:  +5.17% #####
  2023-03:  +9.63% #########
  2023-04:  -1.59% #
  2023-05:  -7.38% #######
  2023-06:  +9.60% #########
  2023-07:  +8.58% ########
  2023-08:  -2.45% ##
  2023-09:  -5.49% #####
  2023-10:  -0.59% 
  2023-11:  +2.61% ##
  2023-12:  -4.43% ####
  2024-01:  -1.20% #
  2024-02:  +7.77% #######
  2024-03:  +9.24% #########
  2024-04:  +4.67% ####
  2024-05:  -0.56% 
  2024-06:  -6.39% ######
  2024-07:  -4.37% ####
  2024-08:  +0.62% 
  2024-09:  -3.18% ###
  2024-10:  +0.00% 
  2024-11:  +0.00% 
  2024-12:  +0.00% 
  2025-01:  -0.76% 
  2025-02:  +4.44% ####
  2025-03:  -4.12% ####
  2025-04:  -3.16% ###
  2025-05:  +2.50% ##
  2025-06: +13.03% #############
  2025-07:  -6.23% ######
  2025-08:  +0.21% 
  2025-09:  +2.55% ##
  2025-10:  +7.36% #######
  2025-11:  +5.07% #####
  2025-12:  +8.27% ########
  2026-01: +13.24% #############
  2026-02:  +3.44% ###
  2026-03:  +0.26% 
  2026-04:  +4.30% ####
  2026-05:  -6.20% ######
  2026-06:  +5.39% #####
  2026-07: -14.24% ##############
  2026-08:  +2.29% ##
  2026-09:  +0.42% 
============================================================
