============================================================
KR 전략 백테스트 엔진
기간: 20190605 ~ 20260926 (89개월)
초기 자본: ₩10,000,000
전략: sepa
============================================================

OHLCV 데이터 로드 (20180501 ~ 20260926)...
  완료: 신규 0 + 캐시 60 = 60종목 (실패 0)
  시장 레짐 지표 로드 중...
  레짐 지표 캐시 2058일 사용 (source=kospi_fdr:FDR:YAHOO:^KS11)

시뮬레이션: 1794일
------------------------------------------------------------
  [2019-07-03] 자산 ₩10,000,000 | 포지션 0개 | 거래 0건
  [2019-07-31] 자산 ₩10,000,000 | 포지션 0개 | 거래 0건
  [2019-08-29] 자산 ₩10,000,000 | 포지션 0개 | 거래 0건
  [2019-09-30] 자산 ₩9,995,355 | 포지션 1개 | 거래 1건
  [2019-10-30] 자산 ₩10,027,704 | 포지션 2개 | 거래 16건
  [2019-11-27] 자산 ₩9,884,708 | 포지션 2개 | 거래 36건
  [2019-12-26] 자산 ₩9,945,226 | 포지션 2개 | 거래 51건
  [2020-01-29] 자산 ₩10,318,638 | 포지션 2개 | 거래 76건
  [2020-02-26] 자산 ₩10,249,737 | 포지션 2개 | 거래 109건
  [2020-03-25] 자산 ₩10,144,799 | 포지션 0개 | 거래 111건
  [2020-04-23] 자산 ₩10,144,799 | 포지션 0개 | 거래 111건
  [2020-05-26] 자산 ₩10,728,593 | 포지션 6개 | 거래 133건
  [2020-06-23] 자산 ₩11,315,248 | 포지션 3개 | 거래 184건
  [2020-07-21] 자산 ₩11,296,510 | 포지션 1개 | 거래 223건
  [2020-08-19] 자산 ₩11,768,196 | 포지션 1개 | 거래 260건
  [2020-09-16] 자산 ₩11,680,519 | 포지션 1개 | 거래 291건
  [2020-10-20] 자산 ₩11,525,196 | 포지션 0개 | 거래 300건
  [2020-11-17] 자산 ₩12,241,589 | 포지션 1개 | 거래 336건
  [2020-12-15] 자산 ₩12,577,955 | 포지션 3개 | 거래 366건
  [2021-01-15] 자산 ₩12,714,326 | 포지션 2개 | 거래 410건
  [2021-02-16] 자산 ₩12,491,856 | 포지션 1개 | 거래 446건
  [2021-03-17] 자산 ₩12,273,454 | 포지션 2개 | 거래 481건
  [2021-04-14] 자산 ₩12,285,922 | 포지션 2개 | 거래 510건
  [2021-05-13] 자산 ₩12,270,071 | 포지션 1개 | 거래 533건
  [2021-06-11] 자산 ₩12,476,069 | 포지션 2개 | 거래 564건
  [2021-07-09] 자산 ₩12,559,943 | 포지션 1개 | 거래 598건
  [2021-08-06] 자산 ₩13,052,038 | 포지션 2개 | 거래 635건
  [2021-09-06] 자산 ₩13,094,259 | 포지션 2개 | 거래 671건
  [2021-10-08] 자산 ₩12,994,856 | 포지션 0개 | 거래 695건
  [2021-11-08] 자산 ₩12,994,856 | 포지션 0개 | 거래 695건
  [2021-12-06] 자산 ₩12,994,856 | 포지션 0개 | 거래 695건
  [2022-01-04] 자산 ₩12,839,879 | 포지션 1개 | 거래 704건
  [2022-02-04] 자산 ₩12,923,659 | 포지션 0개 | 거래 711건
  [2022-03-07] 자산 ₩12,923,659 | 포지션 0개 | 거래 711건
  [2022-04-05] 자산 ₩12,923,659 | 포지션 0개 | 거래 711건
  [2022-05-03] 자산 ₩12,724,412 | 포지션 0개 | 거래 719건
  [2022-06-02] 자산 ₩12,724,412 | 포지션 0개 | 거래 719건
  [2022-07-01] 자산 ₩12,724,412 | 포지션 0개 | 거래 719건
  [2022-07-29] 자산 ₩12,724,412 | 포지션 0개 | 거래 719건
  [2022-08-29] 자산 ₩12,769,117 | 포지션 2개 | 거래 723건
  [2022-09-28] 자산 ₩12,669,162 | 포지션 0개 | 거래 727건
  [2022-10-28] 자산 ₩12,669,162 | 포지션 0개 | 거래 727건
  [2022-11-25] 자산 ₩12,651,983 | 포지션 1개 | 거래 732건
  [2022-12-23] 자산 ₩12,598,760 | 포지션 1개 | 거래 740건
  [2023-01-25] 자산 ₩12,565,702 | 포지션 0개 | 거래 741건
  [2023-02-22] 자산 ₩13,095,838 | 포지션 1개 | 거래 783건
  [2023-03-23] 자산 ₩13,063,085 | 포지션 0개 | 거래 820건
  [2023-04-20] 자산 ₩13,097,576 | 포지션 3개 | 거래 848건
  [2023-05-22] 자산 ₩13,266,315 | 포지션 3개 | 거래 871건
  [2023-06-21] 자산 ₩13,520,405 | 포지션 4개 | 거래 898건
  [2023-07-19] 자산 ₩13,358,688 | 포지션 3개 | 거래 930건
  [2023-08-17] 자산 ₩13,327,265 | 포지션 1개 | 거래 962건
  [2023-09-14] 자산 ₩13,791,683 | 포지션 3개 | 거래 989건
  [2023-10-19] 자산 ₩13,803,726 | 포지션 0개 | 거래 1002건
  [2023-11-16] 자산 ₩13,803,726 | 포지션 0개 | 거래 1002건
  [2023-12-14] 자산 ₩13,821,578 | 포지션 3개 | 거래 1025건
  [2024-01-16] 자산 ₩13,759,219 | 포지션 2개 | 거래 1052건
  [2024-02-15] 자산 ₩14,205,871 | 포지션 4개 | 거래 1084건
  [2024-03-15] 자산 ₩14,303,990 | 포지션 3개 | 거래 1120건
  [2024-04-15] 자산 ₩13,991,013 | 포지션 3개 | 거래 1155건
  [2024-05-16] 자산 ₩13,810,838 | 포지션 4개 | 거래 1180건
  [2024-06-14] 자산 ₩13,476,878 | 포지션 3개 | 거래 1207건
  [2024-07-12] 자산 ₩13,697,805 | 포지션 3개 | 거래 1240건
  [2024-08-09] 자산 ₩13,985,887 | 포지션 3개 | 거래 1286건
  [2024-09-09] 자산 ₩13,970,257 | 포지션 1개 | 거래 1308건
  [2024-10-15] 자산 ₩13,884,123 | 포지션 0개 | 거래 1313건
  [2024-11-12] 자산 ₩13,884,123 | 포지션 0개 | 거래 1313건
  [2024-12-10] 자산 ₩13,884,123 | 포지션 0개 | 거래 1313건
  [2025-01-10] 자산 ₩13,884,123 | 포지션 0개 | 거래 1313건
  [2025-02-13] 자산 ₩13,776,929 | 포지션 2개 | 거래 1323건
  [2025-03-14] 자산 ₩13,823,030 | 포지션 3개 | 거래 1350건
  [2025-04-11] 자산 ₩13,896,442 | 포지션 1개 | 거래 1376건
  [2025-05-14] 자산 ₩13,931,288 | 포지션 1개 | 거래 1386건
  [2025-06-13] 자산 ₩14,562,362 | 포지션 4개 | 거래 1419건
  [2025-07-11] 자산 ₩15,381,479 | 포지션 3개 | 거래 1454건
  [2025-08-08] 자산 ₩15,294,059 | 포지션 3개 | 거래 1481건
  [2025-09-08] 자산 ₩15,208,944 | 포지션 5개 | 거래 1509건
  [2025-10-13] 자산 ₩15,623,306 | 포지션 2개 | 거래 1548건
  [2025-11-10] 자산 ₩15,808,449 | 포지션 2개 | 거래 1587건
  [2025-12-08] 자산 ₩15,427,737 | 포지션 4개 | 거래 1619건
  [2026-01-08] 자산 ₩16,009,482 | 포지션 3개 | 거래 1655건
  [2026-02-05] 자산 ₩16,742,128 | 포지션 4개 | 거래 1700건
  [2026-03-11] 자산 ₩17,134,377 | 포지션 1개 | 거래 1748건
  [2026-04-08] 자산 ₩16,702,810 | 포지션 1개 | 거래 1772건
  [2026-05-08] 자산 ₩17,399,409 | 포지션 4개 | 거래 1818건
  [2026-06-09] 자산 ₩17,811,203 | 포지션 0개 | 거래 1871건
  [2026-07-07] 자산 ₩18,091,379 | 포지션 3개 | 거래 1901건
  [2026-08-05] 자산 ₩17,562,858 | 포지션 0개 | 거래 1918건
  [2026-09-03] 자산 ₩17,554,510 | 포지션 5개 | 거래 1931건
  [2026-09-23] 자산 ₩17,446,955 | 포지션 2개 | 거래 1947건

============================================================
 백테스트 결과 (2019-06-05 ~ 2026-09-23)
============================================================
  초기 자본:    ₩     10,000,000
  최종 자본:    ₩     17,446,955
  총 수익률:            +74.47%
  CAGR:                    7.9%
  MDD:                   -8.65%  (2026-02-27 ~ 2026-04-13)
  Sharpe Ratio:           0.61
  승률:                  57.2% (642/1123)
  손익비:                 2.77
  총 거래 수:             1123
  총 수수료:    ₩      2,263,560

-- 전략별 --
    SEPA: 수익  +74.4%, 승률   57%, 거래 1123건, 평균 보유 4.4일

-- 월별 수익률 --
  2019-06:  +0.00% 
  2019-07:  +0.00% 
  2019-08:  +0.00% 
  2019-09:  -0.05% 
  2019-10:  +0.78% 
  2019-11:  -2.39% ##
  2019-12:  +1.46% #
  2020-01:  +1.58% #
  2020-02:  +0.10% 
  2020-03:  +0.00% 
  2020-04:  +0.00% 
  2020-05:  +6.92% ######
  2020-06:  +1.97% #
  2020-07:  +4.17% ####
  2020-08:  +1.50% #
  2020-09:  -1.22% #
  2020-10:  +1.50% #
  2020-11:  +5.66% #####
  2020-12:  +2.98% ##
  2021-01:  -0.34% 
  2021-02:  -2.23% ##
  2021-03:  +0.81% 
  2021-04:  -2.52% ##
  2021-05:  +0.96% 
  2021-06:  +3.58% ###
  2021-07:  +1.85% #
  2021-08:  +0.99% 
  2021-09:  -1.11% #
  2021-10:  +0.00% 
  2021-11:  +0.00% 
  2021-12:  -0.49% 
  2022-01:  -0.06% 
  2022-02:  +0.00% 
  2022-03:  +0.00% 
  2022-04:  -1.54% #
  2022-05:  +0.00% 
  2022-06:  +0.00% 
  2022-07:  +0.00% 
  2022-08:  -0.03% 
  2022-09:  -0.40% 
  2022-10:  +0.00% 
  2022-11:  +0.11% 
  2022-12:  -0.92% 
  2023-01:  +0.77% 
  2023-02:  +4.84% ####
  2023-03:  -1.71% #
  2023-04:  -0.34% 
  2023-05:  +1.32% #
  2023-06:  +2.10% ##
  2023-07:  +1.19% #
  2023-08:  +0.80% 
  2023-09:  +0.59% 
  2023-10:  +0.00% 
  2023-11:  +1.41% #
  2023-12:  -0.65% 
  2024-01:  -0.52% 
  2024-02:  +2.83% ##
  2024-03:  -1.94% #
  2024-04:  -2.22% ##
  2024-05:  -0.08% 
  2024-06:  +0.63% 
  2024-07:  +3.78% ###
  2024-08:  -1.80% #
  2024-09:  -0.67% 
  2024-10:  +0.00% 
  2024-11:  +0.00% 
  2024-12:  +0.00% 
  2025-01:  -0.51% 
  2025-02:  -0.29% 
  2025-03:  +0.41% 
  2025-04:  +0.74% 
  2025-05:  +2.68% ##
  2025-06:  +7.49% #######
  2025-07:  -1.57% #
  2025-08:  -0.18% 
  2025-09:  +1.74% #
  2025-10:  +6.20% ######
  2025-11:  -5.90% #####
  2025-12:  +2.29% ##
  2026-01:  +5.30% #####
  2026-02:  +6.28% ######
  2026-03:  -4.36% ####
  2026-04:  +1.45% #
  2026-05:  +7.13% #######
  2026-06:  -1.01% #
  2026-07:  -2.92% ##
  2026-08:  -0.50% 
  2026-09:  -0.16% 
============================================================
