============================================================
KR 전략 백테스트 엔진
기간: 20190605 ~ 20260926 (89개월)
초기 자본: ₩10,000,000
전략: sepa
============================================================

OHLCV 데이터 로드 (20180501 ~ 20260926)...
  완료: 신규 0 + 캐시 391 = 391종목 (실패 0)
  시장 레짐 지표 로드 중...
  레짐 지표 캐시 2058일 사용 (source=kospi_fdr:FDR:YAHOO:^KS11)

시뮬레이션: 1794일
------------------------------------------------------------
  [2019-07-03] 자산 ₩10,000,000 | 포지션 0개 | 거래 0건
  [2019-07-31] 자산 ₩10,000,000 | 포지션 0개 | 거래 0건
  [2019-08-29] 자산 ₩10,000,000 | 포지션 0개 | 거래 0건
  [2019-09-30] 자산 ₩9,957,220 | 포지션 1개 | 거래 3건
  [2019-10-30] 자산 ₩10,023,014 | 포지션 2개 | 거래 20건
  [2019-11-27] 자산 ₩9,829,131 | 포지션 3개 | 거래 43건
  [2019-12-26] 자산 ₩10,042,161 | 포지션 2개 | 거래 71건
  [2020-01-29] 자산 ₩10,368,902 | 포지션 2개 | 거래 101건
  [2020-02-26] 자산 ₩9,760,603 | 포지션 2개 | 거래 132건
  [2020-03-25] 자산 ₩9,641,063 | 포지션 0개 | 거래 134건
  [2020-04-23] 자산 ₩9,641,063 | 포지션 0개 | 거래 134건
  [2020-05-26] 자산 ₩9,706,975 | 포지션 0개 | 거래 150건
  [2020-06-23] 자산 ₩9,735,165 | 포지션 2개 | 거래 198건
  [2020-07-21] 자산 ₩9,748,623 | 포지션 2개 | 거래 237건
  [2020-08-19] 자산 ₩9,680,950 | 포지션 0개 | 거래 269건
  [2020-09-16] 자산 ₩10,418,914 | 포지션 2개 | 거래 315건
  [2020-10-20] 자산 ₩10,152,130 | 포지션 2개 | 거래 349건
  [2020-11-17] 자산 ₩10,055,373 | 포지션 0개 | 거래 380건
  [2020-12-15] 자산 ₩10,777,824 | 포지션 3개 | 거래 417건
  [2021-01-15] 자산 ₩10,871,670 | 포지션 2개 | 거래 459건
  [2021-02-16] 자산 ₩10,800,537 | 포지션 1개 | 거래 491건
  [2021-03-17] 자산 ₩10,334,635 | 포지션 1개 | 거래 515건
  [2021-04-14] 자산 ₩10,279,389 | 포지션 1개 | 거래 540건
  [2021-05-13] 자산 ₩10,473,902 | 포지션 0개 | 거래 570건
  [2021-06-11] 자산 ₩11,810,450 | 포지션 2개 | 거래 611건
  [2021-07-09] 자산 ₩12,011,924 | 포지션 1개 | 거래 640건
  [2021-08-06] 자산 ₩12,348,557 | 포지션 2개 | 거래 675건
  [2021-09-06] 자산 ₩12,414,909 | 포지션 1개 | 거래 712건
  [2021-10-08] 자산 ₩13,152,859 | 포지션 0개 | 거래 750건
  [2021-11-08] 자산 ₩13,152,859 | 포지션 0개 | 거래 750건
  [2021-12-06] 자산 ₩13,152,859 | 포지션 0개 | 거래 750건
  [2022-01-04] 자산 ₩13,246,734 | 포지션 3개 | 거래 760건
  [2022-02-04] 자산 ₩12,945,688 | 포지션 0개 | 거래 771건
  [2022-03-07] 자산 ₩12,945,688 | 포지션 0개 | 거래 771건
  [2022-04-05] 자산 ₩12,945,688 | 포지션 0개 | 거래 771건
  [2022-05-03] 자산 ₩13,177,710 | 포지션 0개 | 거래 786건
  [2022-06-02] 자산 ₩13,177,710 | 포지션 0개 | 거래 786건
  [2022-07-01] 자산 ₩13,177,710 | 포지션 0개 | 거래 786건
  [2022-07-29] 자산 ₩13,177,710 | 포지션 0개 | 거래 786건
  [2022-08-29] 자산 ₩13,175,955 | 포지션 2개 | 거래 797건
  [2022-09-28] 자산 ₩13,118,312 | 포지션 0개 | 거래 823건
  [2022-10-28] 자산 ₩13,118,312 | 포지션 0개 | 거래 823건
  [2022-11-25] 자산 ₩13,316,076 | 포지션 3개 | 거래 832건
  [2022-12-23] 자산 ₩13,186,527 | 포지션 2개 | 거래 853건
  [2023-01-25] 자산 ₩13,120,166 | 포지션 0개 | 거래 861건
  [2023-02-22] 자산 ₩12,791,203 | 포지션 1개 | 거래 882건
  [2023-03-23] 자산 ₩13,023,634 | 포지션 0개 | 거래 922건
  [2023-04-20] 자산 ₩14,961,273 | 포지션 0개 | 거래 969건
  [2023-05-22] 자산 ₩14,866,309 | 포지션 2개 | 거래 999건
  [2023-06-21] 자산 ₩14,978,932 | 포지션 1개 | 거래 1034건
  [2023-07-19] 자산 ₩15,136,252 | 포지션 1개 | 거래 1068건
  [2023-08-17] 자산 ₩15,170,680 | 포지션 1개 | 거래 1106건
  [2023-09-14] 자산 ₩15,251,148 | 포지션 0개 | 거래 1148건
  [2023-10-19] 자산 ₩14,743,649 | 포지션 0개 | 거래 1158건
  [2023-11-16] 자산 ₩14,743,649 | 포지션 0개 | 거래 1158건
  [2023-12-14] 자산 ₩14,973,602 | 포지션 0개 | 거래 1183건
  [2024-01-16] 자산 ₩14,810,803 | 포지션 0개 | 거래 1213건
  [2024-02-15] 자산 ₩15,275,391 | 포지션 2개 | 거래 1251건
  [2024-03-15] 자산 ₩14,531,191 | 포지션 2개 | 거래 1281건
  [2024-04-15] 자산 ₩14,460,713 | 포지션 2개 | 거래 1310건
  [2024-05-16] 자산 ₩14,241,545 | 포지션 2개 | 거래 1335건
  [2024-06-14] 자산 ₩13,755,513 | 포지션 0개 | 거래 1367건
  [2024-07-12] 자산 ₩13,846,608 | 포지션 1개 | 거래 1402건
  [2024-08-09] 자산 ₩13,291,375 | 포지션 2개 | 거래 1431건
  [2024-09-09] 자산 ₩13,249,768 | 포지션 0개 | 거래 1459건
  [2024-10-15] 자산 ₩13,546,755 | 포지션 0개 | 거래 1466건
  [2024-11-12] 자산 ₩13,546,755 | 포지션 0개 | 거래 1466건
  [2024-12-10] 자산 ₩13,546,755 | 포지션 0개 | 거래 1466건
  [2025-01-10] 자산 ₩13,546,755 | 포지션 0개 | 거래 1466건
  [2025-02-13] 자산 ₩13,624,378 | 포지션 2개 | 거래 1477건
  [2025-03-14] 자산 ₩13,901,611 | 포지션 2개 | 거래 1512건
  [2025-04-11] 자산 ₩13,210,685 | 포지션 0개 | 거래 1536건
  [2025-05-14] 자산 ₩13,217,125 | 포지션 2개 | 거래 1542건
  [2025-06-13] 자산 ₩13,062,441 | 포지션 0개 | 거래 1570건
  [2025-07-11] 자산 ₩13,641,013 | 포지션 3개 | 거래 1601건
  [2025-08-08] 자산 ₩13,537,437 | 포지션 2개 | 거래 1637건
  [2025-09-08] 자산 ₩13,986,158 | 포지션 2개 | 거래 1675건
  [2025-10-13] 자산 ₩13,713,156 | 포지션 2개 | 거래 1704건
  [2025-11-10] 자산 ₩12,666,567 | 포지션 2개 | 거래 1741건
  [2025-12-08] 자산 ₩13,477,394 | 포지션 1개 | 거래 1776건
  [2026-01-08] 자산 ₩13,208,323 | 포지션 1개 | 거래 1812건
  [2026-02-05] 자산 ₩13,404,779 | 포지션 0개 | 거래 1855건
  [2026-03-11] 자산 ₩14,213,409 | 포지션 2개 | 거래 1891건
  [2026-04-08] 자산 ₩16,242,261 | 포지션 0개 | 거래 1945건
  [2026-05-08] 자산 ₩15,832,101 | 포지션 0개 | 거래 1986건
  [2026-06-09] 자산 ₩14,675,661 | 포지션 0개 | 거래 2022건
  [2026-07-07] 자산 ₩14,713,152 | 포지션 0개 | 거래 2070건
  [2026-08-05] 자산 ₩14,325,835 | 포지션 1개 | 거래 2097건
  [2026-09-03] 자산 ₩13,648,045 | 포지션 2개 | 거래 2130건
  [2026-09-23] 자산 ₩13,134,000 | 포지션 2개 | 거래 2149건

============================================================
 백테스트 결과 (2019-06-05 ~ 2026-09-23)
============================================================
  초기 자본:    ₩     10,000,000
  최종 자본:    ₩     13,134,000
  총 수익률:            +31.34%
  CAGR:                    3.8%
  MDD:                  -21.15%  (2026-04-22 ~ 2026-09-22)
  Sharpe Ratio:           0.09
  승률:                  53.9% (678/1258)
  손익비:                 2.71
  총 거래 수:             1258
  총 수수료:    ₩      3,275,630

-- 전략별 --
    SEPA: 수익  +31.3%, 승률   54%, 거래 1258건, 평균 보유 3.1일

-- 월별 수익률 --
  2019-06:  +0.00% 
  2019-07:  +0.00% 
  2019-08:  +0.00% 
  2019-09:  -0.49% 
  2019-10:  +0.85% 
  2019-11:  -2.41% ##
  2019-12:  +2.28% ##
  2020-01:  +2.54% ##
  2020-02:  -6.14% ######
  2020-03:  +0.00% 
  2020-04:  +0.00% 
  2020-05:  -1.58% #
  2020-06:  +7.49% #######
  2020-07:  -5.25% #####
  2020-08:  +2.16% ##
  2020-09:  +3.29% ###
  2020-10:  -1.44% #
  2020-11:  +3.27% ###
  2020-12:  +5.17% #####
  2021-01:  +0.76% 
  2021-02:  -4.93% ####
  2021-03:  -1.66% #
  2021-04:  +0.18% 
  2021-05:  +1.43% #
  2021-06: +17.25% #################
  2021-07:  +1.88% #
  2021-08:  +0.65% 
  2021-09:  +4.71% ####
  2021-10:  +0.00% 
  2021-11:  +0.00% 
  2021-12:  +0.61% 
  2022-01:  -2.17% ##
  2022-02:  +0.00% 
  2022-03:  +0.00% 
  2022-04:  +1.79% #
  2022-05:  +0.00% 
  2022-06:  +0.00% 
  2022-07:  +0.00% 
  2022-08:  -0.43% 
  2022-09:  -0.02% 
  2022-10:  +0.00% 
  2022-11:  +1.22% #
  2022-12:  -1.06% #
  2023-01:  -1.62% #
  2023-02:  +1.64% #
  2023-03:  +2.84% ##
  2023-04:  +9.76% #########
  2023-05:  +1.45% #
  2023-06:  +0.34% 
  2023-07:  +3.35% ###
  2023-08:  -3.32% ###
  2023-09:  -2.25% ##
  2023-10:  +0.00% 
  2023-11:  +2.39% ##
  2023-12:  -1.27% #
  2024-01:  +2.08% ##
  2024-02:  -2.98% ##
  2024-03:  -4.30% ####
  2024-04:  +0.11% 
  2024-05:  +0.13% 
  2024-06:  +0.42% 
  2024-07:  -6.00% ######
  2024-08:  -0.63% 
  2024-09:  +1.63% #
  2024-10:  +0.36% 
  2024-11:  +0.00% 
  2024-12:  +0.00% 
  2025-01:  -0.75% 
  2025-02:  +1.51% #
  2025-03:  -2.48% ##
  2025-04:  -0.74% 
  2025-05:  -2.33% ##
  2025-06:  +4.30% ####
  2025-07:  +0.95% 
  2025-08:  +1.41% #
  2025-09:  -1.80% #
  2025-10:  -3.55% ###
  2025-11:  +2.88% ##
  2025-12:  -0.83% 
  2026-01:  +2.08% ##
  2026-02:  +0.23% 
  2026-03:  +9.20% #########
  2026-04:  +7.92% #######
  2026-05:  -6.76% ######
  2026-06:  -0.81% 
  2026-07:  -2.86% ##
  2026-08:  -4.67% ####
  2026-09:  -4.45% ####
============================================================
