============================================================
KR 전략 백테스트 엔진
기간: 20190605 ~ 20260926 (89개월)
초기 자본: ₩10,000,000
전략: sepa
============================================================

OHLCV 데이터 로드 (20180501 ~ 20260926)...
  완료: 신규 0 + 캐시 391 = 391종목 (실패 0)
  시장 레짐 지표 로드 중...
  레짐 지표 캐시 2058일 사용 (source=kospi_fdr:FDR:YAHOO:^KS11)

시뮬레이션: 1794일
------------------------------------------------------------
  [2019-07-03] 자산 ₩10,000,000 | 포지션 0개 | 거래 0건
  [2019-07-31] 자산 ₩10,000,000 | 포지션 0개 | 거래 0건
  [2019-08-29] 자산 ₩10,000,000 | 포지션 0개 | 거래 0건
  [2019-09-30] 자산 ₩9,957,220 | 포지션 1개 | 거래 3건
  [2019-10-30] 자산 ₩9,817,182 | 포지션 2개 | 거래 14건
  [2019-11-27] 자산 ₩9,761,606 | 포지션 2개 | 거래 34건
  [2019-12-26] 자산 ₩10,038,128 | 포지션 4개 | 거래 53건
  [2020-01-29] 자산 ₩10,057,689 | 포지션 1개 | 거래 74건
  [2020-02-26] 자산 ₩9,516,577 | 포지션 2개 | 거래 97건
  [2020-03-25] 자산 ₩9,400,306 | 포지션 0개 | 거래 99건
  [2020-04-23] 자산 ₩9,400,306 | 포지션 0개 | 거래 99건
  [2020-05-26] 자산 ₩9,471,462 | 포지션 3개 | 거래 116건
  [2020-06-23] 자산 ₩9,692,075 | 포지션 2개 | 거래 156건
  [2020-07-21] 자산 ₩9,650,690 | 포지션 3개 | 거래 192건
  [2020-08-19] 자산 ₩9,518,006 | 포지션 0개 | 거래 220건
  [2020-09-16] 자산 ₩9,617,705 | 포지션 1개 | 거래 259건
  [2020-10-20] 자산 ₩9,216,046 | 포지션 2개 | 거래 287건
  [2020-11-17] 자산 ₩8,850,093 | 포지션 2개 | 거래 309건
  [2020-12-15] 자산 ₩9,041,576 | 포지션 3개 | 거래 342건
  [2021-01-15] 자산 ₩9,139,290 | 포지션 2개 | 거래 385건
  [2021-02-16] 자산 ₩8,819,144 | 포지션 2개 | 거래 412건
  [2021-03-17] 자산 ₩8,984,903 | 포지션 3개 | 거래 440건
  [2021-04-14] 자산 ₩9,116,311 | 포지션 3개 | 거래 471건
  [2021-05-13] 자산 ₩9,528,284 | 포지션 0개 | 거래 494건
  [2021-06-11] 자산 ₩10,182,384 | 포지션 2개 | 거래 527건
  [2021-07-09] 자산 ₩10,643,080 | 포지션 1개 | 거래 555건
  [2021-08-06] 자산 ₩10,806,264 | 포지션 2개 | 거래 585건
  [2021-09-06] 자산 ₩10,782,291 | 포지션 2개 | 거래 618건
  [2021-10-08] 자산 ₩11,265,557 | 포지션 0개 | 거래 645건
  [2021-11-08] 자산 ₩11,265,557 | 포지션 0개 | 거래 645건
  [2021-12-06] 자산 ₩11,265,557 | 포지션 0개 | 거래 645건
  [2022-01-04] 자산 ₩11,353,064 | 포지션 3개 | 거래 655건
  [2022-02-04] 자산 ₩11,091,433 | 포지션 0개 | 거래 666건
  [2022-03-07] 자산 ₩11,091,433 | 포지션 0개 | 거래 666건
  [2022-04-05] 자산 ₩11,091,433 | 포지션 0개 | 거래 666건
  [2022-05-03] 자산 ₩11,213,963 | 포지션 1개 | 거래 681건
  [2022-06-02] 자산 ₩11,506,960 | 포지션 0개 | 거래 685건
  [2022-07-01] 자산 ₩11,506,960 | 포지션 0개 | 거래 685건
  [2022-07-29] 자산 ₩11,506,960 | 포지션 0개 | 거래 685건
  [2022-08-29] 자산 ₩11,524,886 | 포지션 3개 | 거래 695건
  [2022-09-28] 자산 ₩11,303,255 | 포지션 0개 | 거래 718건
  [2022-10-28] 자산 ₩11,303,255 | 포지션 0개 | 거래 718건
  [2022-11-25] 자산 ₩11,557,434 | 포지션 4개 | 거래 724건
  [2022-12-23] 자산 ₩11,267,839 | 포지션 3개 | 거래 738건
  [2023-01-25] 자산 ₩11,321,432 | 포지션 0개 | 거래 746건
  [2023-02-22] 자산 ₩10,710,806 | 포지션 1개 | 거래 770건
  [2023-03-23] 자산 ₩11,264,127 | 포지션 1개 | 거래 812건
  [2023-04-20] 자산 ₩11,187,419 | 포지션 0개 | 거래 849건
  [2023-05-22] 자산 ₩10,721,343 | 포지션 1개 | 거래 871건
  [2023-06-21] 자산 ₩11,001,334 | 포지션 1개 | 거래 903건
  [2023-07-19] 자산 ₩11,145,840 | 포지션 1개 | 거래 935건
  [2023-08-17] 자산 ₩11,035,163 | 포지션 1개 | 거래 973건
  [2023-09-14] 자산 ₩11,071,453 | 포지션 2개 | 거래 1005건
  [2023-10-19] 자산 ₩12,018,620 | 포지션 0개 | 거래 1027건
  [2023-11-16] 자산 ₩12,018,620 | 포지션 0개 | 거래 1027건
  [2023-12-14] 자산 ₩12,016,666 | 포지션 1개 | 거래 1052건
  [2024-01-16] 자산 ₩11,822,196 | 포지션 3개 | 거래 1082건
  [2024-02-15] 자산 ₩11,731,168 | 포지션 2개 | 거래 1114건
  [2024-03-15] 자산 ₩10,915,525 | 포지션 2개 | 거래 1144건
  [2024-04-15] 자산 ₩11,123,927 | 포지션 2개 | 거래 1165건
  [2024-05-16] 자산 ₩11,162,413 | 포지션 4개 | 거래 1193건
  [2024-06-14] 자산 ₩10,939,463 | 포지션 2개 | 거래 1222건
  [2024-07-12] 자산 ₩10,883,887 | 포지션 3개 | 거래 1237건
  [2024-08-09] 자산 ₩11,121,356 | 포지션 2개 | 거래 1264건
  [2024-09-09] 자산 ₩11,056,429 | 포지션 0개 | 거래 1292건
  [2024-10-15] 자산 ₩11,407,033 | 포지션 0개 | 거래 1299건
  [2024-11-12] 자산 ₩11,407,033 | 포지션 0개 | 거래 1299건
  [2024-12-10] 자산 ₩11,407,033 | 포지션 0개 | 거래 1299건
  [2025-01-10] 자산 ₩11,407,033 | 포지션 0개 | 거래 1299건
  [2025-02-13] 자산 ₩11,517,170 | 포지션 3개 | 거래 1307건
  [2025-03-14] 자산 ₩11,407,000 | 포지션 3개 | 거래 1330건
  [2025-04-11] 자산 ₩11,008,227 | 포지션 1개 | 거래 1350건
  [2025-05-14] 자산 ₩11,049,672 | 포지션 2개 | 거래 1358건
  [2025-06-13] 자산 ₩11,329,606 | 포지션 3개 | 거래 1384건
  [2025-07-11] 자산 ₩11,786,586 | 포지션 4개 | 거래 1416건
  [2025-08-08] 자산 ₩11,538,641 | 포지션 2개 | 거래 1447건
  [2025-09-08] 자산 ₩11,982,802 | 포지션 2개 | 거래 1475건
  [2025-10-13] 자산 ₩11,588,630 | 포지션 1개 | 거래 1505건
  [2025-11-10] 자산 ₩10,815,775 | 포지션 0개 | 거래 1535건
  [2025-12-08] 자산 ₩10,740,342 | 포지션 2개 | 거래 1557건
  [2026-01-08] 자산 ₩10,828,790 | 포지션 1개 | 거래 1590건
  [2026-02-05] 자산 ₩10,651,062 | 포지션 0개 | 거래 1630건
  [2026-03-11] 자산 ₩11,207,372 | 포지션 2개 | 거래 1664건
  [2026-04-08] 자산 ₩12,780,311 | 포지션 0개 | 거래 1711건
  [2026-05-08] 자산 ₩12,525,287 | 포지션 0개 | 거래 1748건
  [2026-06-09] 자산 ₩11,985,486 | 포지션 0개 | 거래 1786건
  [2026-07-07] 자산 ₩12,983,975 | 포지션 0개 | 거래 1826건
  [2026-08-05] 자산 ₩12,796,554 | 포지션 1개 | 거래 1856건
  [2026-09-03] 자산 ₩12,662,948 | 포지션 2개 | 거래 1885건
  [2026-09-23] 자산 ₩12,719,233 | 포지션 3개 | 거래 1909건

============================================================
 백테스트 결과 (2019-06-05 ~ 2026-09-23)
============================================================
  초기 자본:    ₩     10,000,000
  최종 자본:    ₩     12,719,233
  총 수익률:            +27.19%
  CAGR:                    3.3%
  MDD:                  -16.05%  (2020-01-22 ~ 2020-11-25)
  Sharpe Ratio:           0.06
  승률:                  52.7% (590/1119)
  손익비:                 2.81
  총 거래 수:             1119
  총 수수료:    ₩      2,396,233

-- 전략별 --
    SEPA: 수익  +27.1%, 승률   53%, 거래 1119건, 평균 보유 4.2일

-- 월별 수익률 --
  2019-06:  +0.00% 
  2019-07:  +0.00% 
  2019-08:  +0.00% 
  2019-09:  -0.49% 
  2019-10:  -1.40% #
  2019-11:  -1.66% #
  2019-12:  +5.58% #####
  2020-01:  -2.57% ##
  2020-02:  -5.29% #####
  2020-03:  +0.00% 
  2020-04:  +0.00% 
  2020-05:  +0.39% 
  2020-06:  +7.34% #######
  2020-07:  -6.04% ######
  2020-08:  +2.48% ##
  2020-09:  -4.75% ####
  2020-10:  -3.47% ###
  2020-11:  -2.80% ##
  2020-12:  +8.84% ########
  2021-01:  -5.42% #####
  2021-02:  -4.13% ####
  2021-03:  +2.14% ##
  2021-04:  +7.91% #######
  2021-05:  -1.01% #
  2021-06: +15.33% ###############
  2021-07:  +1.95% #
  2021-08:  -1.45% #
  2021-09:  +3.57% ###
  2021-10:  +0.00% 
  2021-11:  +0.00% 
  2021-12:  +0.66% 
  2022-01:  -2.19% ##
  2022-02:  +0.00% 
  2022-03:  +0.00% 
  2022-04:  +1.35% #
  2022-05:  +2.36% ##
  2022-06:  +0.00% 
  2022-07:  +0.00% 
  2022-08:  +0.80% 
  2022-09:  -2.55% ##
  2022-10:  +0.00% 
  2022-11:  +0.36% 
  2022-12:  -0.06% 
  2023-01:  -1.63% #
  2023-02:  +0.16% 
  2023-03:  +0.71% 
  2023-04:  -1.45% #
  2023-05:  -3.00% ##
  2023-06:  +3.09% ###
  2023-07:  +2.38% ##
  2023-08:  -3.43% ###
  2023-09:  +9.50% #########
  2023-10:  +0.16% 
  2023-11:  +2.75% ##
  2023-12:  -3.82% ###
  2024-01:  -1.13% #
  2024-02:  -4.44% ####
  2024-03:  -4.62% ####
  2024-04:  -0.26% 
  2024-05:  +4.07% ####
  2024-06:  -1.67% #
  2024-07:  +2.29% ##
  2024-08:  -0.94% 
  2024-09:  +2.22% ##
  2024-10:  +0.81% 
  2024-11:  +0.00% 
  2024-12:  +0.00% 
  2025-01:  -0.75% 
  2025-02:  +0.30% 
  2025-03:  -3.17% ###
  2025-04:  +0.45% 
  2025-05:  +0.39% 
  2025-06:  +3.44% ###
  2025-07:  +0.98% 
  2025-08:  +1.71% #
  2025-09:  -0.94% 
  2025-10:  -2.97% ##
  2025-11:  -4.66% ####
  2025-12:  +1.15% #
  2026-01:  -1.11% #
  2026-02:  -0.33% 
  2026-03:  +8.47% ########
  2026-04:  +8.76% ########
  2026-05:  -5.76% #####
  2026-06: +13.16% #############
  2026-07:  -4.87% ####
  2026-08:  -0.71% 
  2026-09:  -0.55% 
============================================================
