============================================================
KR 전략 백테스트 엔진
기간: 20190605 ~ 20260926 (89개월)
초기 자본: ₩10,000,000
전략: sepa
============================================================

OHLCV 데이터 로드 (20180501 ~ 20260926)...
  완료: 신규 0 + 캐시 60 = 60종목 (실패 0)
  시장 레짐 지표 로드 중...
  레짐 지표 캐시 2058일 사용 (source=kospi_fdr:FDR:YAHOO:^KS11)

시뮬레이션: 1794일
------------------------------------------------------------
  [2019-07-03] 자산 ₩10,000,000 | 포지션 0개 | 거래 0건
  [2019-07-31] 자산 ₩10,000,000 | 포지션 0개 | 거래 0건
  [2019-08-29] 자산 ₩10,000,000 | 포지션 0개 | 거래 0건
  [2019-09-30] 자산 ₩9,996,305 | 포지션 1개 | 거래 1건
  [2019-10-30] 자산 ₩10,179,879 | 포지션 3개 | 거래 5건
  [2019-11-27] 자산 ₩10,513,469 | 포지션 3개 | 거래 9건
  [2019-12-26] 자산 ₩10,495,557 | 포지션 3개 | 거래 15건
  [2020-01-29] 자산 ₩10,735,017 | 포지션 4개 | 거래 18건
  [2020-02-26] 자산 ₩10,587,535 | 포지션 2개 | 거래 40건
  [2020-03-25] 자산 ₩10,356,806 | 포지션 0개 | 거래 42건
  [2020-04-23] 자산 ₩10,356,806 | 포지션 0개 | 거래 42건
  [2020-05-26] 자산 ₩11,017,348 | 포지션 5개 | 거래 47건
  [2020-06-23] 자산 ₩12,361,721 | 포지션 6개 | 거래 52건
  [2020-07-21] 자산 ₩11,982,981 | 포지션 4개 | 거래 60건
  [2020-08-19] 자산 ₩12,200,822 | 포지션 3개 | 거래 75건
  [2020-09-16] 자산 ₩12,253,778 | 포지션 4개 | 거래 88건
  [2020-10-20] 자산 ₩11,763,155 | 포지션 0개 | 거래 98건
  [2020-11-17] 자산 ₩13,002,464 | 포지션 3개 | 거래 107건
  [2020-12-15] 자산 ₩13,205,534 | 포지션 5개 | 거래 115건
  [2021-01-15] 자산 ₩13,762,288 | 포지션 5개 | 거래 121건
  [2021-02-16] 자산 ₩13,135,352 | 포지션 5개 | 거래 139건
  [2021-03-17] 자산 ₩13,469,101 | 포지션 3개 | 거래 153건
  [2021-04-14] 자산 ₩14,067,812 | 포지션 4개 | 거래 162건
  [2021-05-13] 자산 ₩14,422,034 | 포지션 6개 | 거래 170건
  [2021-06-11] 자산 ₩14,406,897 | 포지션 3개 | 거래 181건
  [2021-07-09] 자산 ₩14,560,050 | 포지션 4개 | 거래 192건
  [2021-08-06] 자산 ₩15,029,358 | 포지션 6개 | 거래 202건
  [2021-09-06] 자산 ₩17,719,659 | 포지션 6개 | 거래 218건
  [2021-10-08] 자산 ₩20,935,360 | 포지션 3개 | 거래 231건
  [2021-11-08] 자산 ₩27,161,559 | 포지션 2개 | 거래 232건
  [2021-12-06] 자산 ₩25,621,939 | 포지션 2개 | 거래 232건
  [2022-01-04] 자산 ₩25,056,013 | 포지션 2개 | 거래 238건
  [2022-02-04] 자산 ₩24,967,702 | 포지션 1개 | 거래 243건
  [2022-03-07] 자산 ₩24,699,746 | 포지션 0개 | 거래 244건
  [2022-04-05] 자산 ₩24,699,746 | 포지션 0개 | 거래 244건
  [2022-05-03] 자산 ₩24,289,574 | 포지션 1개 | 거래 251건
  [2022-06-02] 자산 ₩24,197,767 | 포지션 0개 | 거래 252건
  [2022-07-01] 자산 ₩24,197,767 | 포지션 0개 | 거래 252건
  [2022-07-29] 자산 ₩24,197,767 | 포지션 0개 | 거래 252건
  [2022-08-29] 자산 ₩24,329,001 | 포지션 1개 | 거래 255건
  [2022-09-28] 자산 ₩23,845,412 | 포지션 0개 | 거래 258건
  [2022-10-28] 자산 ₩23,845,412 | 포지션 0개 | 거래 258건
  [2022-11-25] 자산 ₩23,681,914 | 포지션 1개 | 거래 261건
  [2022-12-23] 자산 ₩23,725,266 | 포지션 3개 | 거래 267건
  [2023-01-25] 자산 ₩23,301,788 | 포지션 0개 | 거래 270건
  [2023-02-22] 자산 ₩25,157,311 | 포지션 3개 | 거래 281건
  [2023-03-23] 자산 ₩28,695,151 | 포지션 1개 | 거래 291건
  [2023-04-20] 자산 ₩33,915,619 | 포지션 6개 | 거래 306건
  [2023-05-22] 자산 ₩33,174,922 | 포지션 5개 | 거래 313건
  [2023-06-21] 자산 ₩37,818,228 | 포지션 8개 | 거래 320건
  [2023-07-19] 자산 ₩40,090,922 | 포지션 5개 | 거래 335건
  [2023-08-17] 자산 ₩36,130,502 | 포지션 1개 | 거래 355건
  [2023-09-14] 자산 ₩38,296,923 | 포지션 6개 | 거래 370건
  [2023-10-19] 자산 ₩36,427,563 | 포지션 1개 | 거래 379건
  [2023-11-16] 자산 ₩37,951,801 | 포지션 1개 | 거래 379건
  [2023-12-14] 자산 ₩37,915,014 | 포지션 3개 | 거래 387건
  [2024-01-16] 자산 ₩36,555,924 | 포지션 2개 | 거래 400건
  [2024-02-15] 자산 ₩36,194,443 | 포지션 3개 | 거래 411건
  [2024-03-15] 자산 ₩36,358,999 | 포지션 4개 | 거래 422건
  [2024-04-15] 자산 ₩35,713,490 | 포지션 4개 | 거래 438건
  [2024-05-16] 자산 ₩34,857,879 | 포지션 3개 | 거래 451건
  [2024-06-14] 자산 ₩34,564,099 | 포지션 3개 | 거래 461건
  [2024-07-12] 자산 ₩35,063,342 | 포지션 5개 | 거래 469건
  [2024-08-09] 자산 ₩34,480,407 | 포지션 2개 | 거래 488건
  [2024-09-09] 자산 ₩33,525,123 | 포지션 1개 | 거래 497건
  [2024-10-15] 자산 ₩34,463,210 | 포지션 1개 | 거래 501건
  [2024-11-12] 자산 ₩35,238,049 | 포지션 1개 | 거래 501건
  [2024-12-10] 자산 ₩33,831,157 | 포지션 0개 | 거래 502건
  [2025-01-10] 자산 ₩33,831,157 | 포지션 0개 | 거래 502건
  [2025-02-13] 자산 ₩33,197,303 | 포지션 2개 | 거래 510건
  [2025-03-14] 자산 ₩32,160,905 | 포지션 3개 | 거래 523건
  [2025-04-11] 자산 ₩31,043,761 | 포지션 0개 | 거래 538건
  [2025-05-14] 자산 ₩31,072,269 | 포지션 2개 | 거래 544건
  [2025-06-13] 자산 ₩34,294,566 | 포지션 4개 | 거래 556건
  [2025-07-11] 자산 ₩35,921,797 | 포지션 5개 | 거래 571건
  [2025-08-08] 자산 ₩36,176,379 | 포지션 4개 | 거래 580건
  [2025-09-08] 자산 ₩35,195,028 | 포지션 4개 | 거래 590건
  [2025-10-13] 자산 ₩36,128,476 | 포지션 7개 | 거래 601건
  [2025-11-10] 자산 ₩36,461,945 | 포지션 5개 | 거래 615건
  [2025-12-08] 자산 ₩34,773,296 | 포지션 4개 | 거래 632건
  [2026-01-08] 자산 ₩34,883,489 | 포지션 3개 | 거래 647건
  [2026-02-05] 자산 ₩35,678,275 | 포지션 5개 | 거래 657건
  [2026-03-11] 자산 ₩35,754,805 | 포지션 2개 | 거래 676건
  [2026-04-08] 자산 ₩34,006,926 | 포지션 2개 | 거래 692건
  [2026-05-08] 자산 ₩38,906,730 | 포지션 5개 | 거래 707건
  [2026-06-09] 자산 ₩37,273,088 | 포지션 2개 | 거래 726건
  [2026-07-07] 자산 ₩35,646,506 | 포지션 4개 | 거래 748건
  [2026-08-05] 자산 ₩33,173,828 | 포지션 0개 | 거래 762건
  [2026-09-03] 자산 ₩33,018,971 | 포지션 3개 | 거래 771건
  [2026-09-23] 자산 ₩33,014,305 | 포지션 2개 | 거래 772건

============================================================
 백테스트 결과 (2019-06-05 ~ 2026-09-23)
============================================================
  초기 자본:    ₩     10,000,000
  최종 자본:    ₩     33,014,305
  총 수익률:           +230.14%
  CAGR:                   17.8%
  MDD:                  -27.98%  (2023-07-25 ~ 2025-05-13)
  Sharpe Ratio:           0.77
  승률:                  23.5% (91/387)
  손익비:                 5.83
  총 거래 수:              387
  총 수수료:    ₩      2,169,359

-- 전략별 --
    SEPA: 수익 +229.9%, 승률   24%, 거래 387건, 평균 보유 13.3일

-- 월별 수익률 --
  2019-06:  +0.00% 
  2019-07:  +0.00% 
  2019-08:  +0.00% 
  2019-09:  -0.04% 
  2019-10:  +3.35% ###
  2019-11:  +1.22% #
  2019-12:  +0.56% 
  2020-01:  +0.01% 
  2020-02:  -1.53% #
  2020-03:  +0.00% 
  2020-04:  +0.00% 
  2020-05: +10.16% ##########
  2020-06:  +3.97% ###
  2020-07:  +3.21% ###
  2020-08:  +1.52% #
  2020-09:  -4.85% ####
  2020-10:  +2.72% ##
  2020-11:  +7.14% #######
  2020-12:  +7.81% #######
  2021-01:  -4.54% ####
  2021-02:  -1.11% #
  2021-03:  +5.44% #####
  2021-04:  -4.45% ####
  2021-05: +10.08% ##########
  2021-06:  -1.03% #
  2021-07:  +2.97% ##
  2021-08: +14.07% ##############
  2021-09: +17.79% #################
  2021-10: +32.68% ##############################
  2021-11:  +2.48% ##
  2021-12:  -7.60% #######
  2022-01:  -1.89% #
  2022-02:  -0.38% 
  2022-03:  +0.00% 
  2022-04:  -1.64% #
  2022-05:  -0.39% 
  2022-06:  +0.00% 
  2022-07:  +0.00% 
  2022-08:  -0.60% 
  2022-09:  -0.86% 
  2022-10:  +0.00% 
  2022-11:  -0.76% 
  2022-12:  -0.86% 
  2023-01:  +0.23% 
  2023-02: +10.48% ##########
  2023-03: +14.19% ##############
  2023-04: +20.85% ####################
  2023-05:  -1.24% #
  2023-06:  +7.55% #######
  2023-07:  +5.39% #####
  2023-08:  -6.68% ######
  2023-09:  -1.73% #
  2023-10:  -0.72% 
  2023-11:  +3.89% ###
  2023-12:  -1.49% #
  2024-01:  -3.43% ###
  2024-02:  +0.96% 
  2024-03:  -3.76% ###
  2024-04:  -2.18% ##
  2024-05:  +0.22% 
  2024-06:  +2.11% ##
  2024-07:  +1.95% #
  2024-08:  -5.03% #####
  2024-09:  -0.77% 
  2024-10:  +0.82% 
  2024-11:  -0.57% 
  2024-12:  +0.00% 
  2025-01:  -1.05% #
  2025-02:  -1.65% #
  2025-03:  -3.77% ###
  2025-04:  -2.01% ##
  2025-05:  +3.23% ###
  2025-06: +11.39% ###########
  2025-07:  -1.42% #
  2025-08:  -0.52% 
  2025-09:  +1.19% #
  2025-10:  +6.62% ######
  2025-11:  -7.84% #######
  2025-12:  -1.80% #
  2026-01:  +3.75% ###
  2026-02:  +4.55% ####
  2026-03:  -7.09% #######
  2026-04: +10.55% ##########
  2026-05:  +7.46% #######
  2026-06: -12.14% ############
  2026-07:  -7.72% #######
  2026-08:  -1.28% #
  2026-09:  +0.81% 
============================================================
