============================================================
KR 전략 백테스트 엔진
기간: 20190605 ~ 20260926 (89개월)
초기 자본: ₩10,000,000
전략: sepa
============================================================

OHLCV 데이터 로드 (20180501 ~ 20260926)...
  완료: 신규 0 + 캐시 391 = 391종목 (실패 0)
  시장 레짐 지표 로드 중...
  레짐 지표 캐시 2058일 사용 (source=kospi_fdr:FDR:YAHOO:^KS11)

시뮬레이션: 1794일
------------------------------------------------------------
  [2019-07-03] 자산 ₩10,000,000 | 포지션 0개 | 거래 0건
  [2019-07-31] 자산 ₩10,000,000 | 포지션 0개 | 거래 0건
  [2019-08-29] 자산 ₩10,000,000 | 포지션 0개 | 거래 0건
  [2019-09-30] 자산 ₩9,957,220 | 포지션 1개 | 거래 3건
  [2019-10-30] 자산 ₩10,023,014 | 포지션 2개 | 거래 20건
  [2019-11-27] 자산 ₩9,751,656 | 포지션 3개 | 거래 43건
  [2019-12-26] 자산 ₩10,289,093 | 포지션 2개 | 거래 60건
  [2020-01-29] 자산 ₩10,233,385 | 포지션 1개 | 거래 77건
  [2020-02-26] 자산 ₩9,471,307 | 포지션 0개 | 거래 104건
  [2020-03-25] 자산 ₩9,402,496 | 포지션 0개 | 거래 106건
  [2020-04-23] 자산 ₩9,402,496 | 포지션 0개 | 거래 106건
  [2020-05-26] 자산 ₩9,301,108 | 포지션 1개 | 거래 119건
  [2020-06-23] 자산 ₩9,576,475 | 포지션 3개 | 거래 137건
  [2020-07-21] 자산 ₩8,263,548 | 포지션 2개 | 거래 160건
  [2020-08-19] 자산 ₩7,908,324 | 포지션 0개 | 거래 188건
  [2020-09-16] 자산 ₩7,018,580 | 포지션 1개 | 거래 211건
  [2020-10-20] 자산 ₩6,773,945 | 포지션 2개 | 거래 236건
  [2020-11-17] 자산 ₩6,491,530 | 포지션 1개 | 거래 261건
  [2020-12-15] 자산 ₩6,655,050 | 포지션 1개 | 거래 279건
  [2021-01-15] 자산 ₩7,500,876 | 포지션 3개 | 거래 301건
  [2021-02-16] 자산 ₩8,711,397 | 포지션 2개 | 거래 324건
  [2021-03-17] 자산 ₩8,153,801 | 포지션 1개 | 거래 345건
  [2021-04-14] 자산 ₩8,528,530 | 포지션 1개 | 거래 359건
  [2021-05-13] 자산 ₩8,691,627 | 포지션 2개 | 거래 382건
  [2021-06-11] 자산 ₩8,543,610 | 포지션 1개 | 거래 405건
  [2021-07-09] 자산 ₩8,758,851 | 포지션 1개 | 거래 427건
  [2021-08-06] 자산 ₩9,193,855 | 포지션 1개 | 거래 443건
  [2021-09-06] 자산 ₩9,718,710 | 포지션 1개 | 거래 463건
  [2021-10-08] 자산 ₩9,581,619 | 포지션 0개 | 거래 478건
  [2021-11-08] 자산 ₩9,581,619 | 포지션 0개 | 거래 478건
  [2021-12-06] 자산 ₩9,581,619 | 포지션 0개 | 거래 478건
  [2022-01-04] 자산 ₩9,677,484 | 포지션 3개 | 거래 485건
  [2022-02-04] 자산 ₩9,373,304 | 포지션 0개 | 거래 492건
  [2022-03-07] 자산 ₩9,373,304 | 포지션 0개 | 거래 492건
  [2022-04-05] 자산 ₩9,373,304 | 포지션 0개 | 거래 492건
  [2022-05-03] 자산 ₩9,368,602 | 포지션 0개 | 거래 500건
  [2022-06-02] 자산 ₩9,368,602 | 포지션 0개 | 거래 500건
  [2022-07-01] 자산 ₩9,368,602 | 포지션 0개 | 거래 500건
  [2022-07-29] 자산 ₩9,368,602 | 포지션 0개 | 거래 500건
  [2022-08-29] 자산 ₩9,582,875 | 포지션 3개 | 거래 507건
  [2022-09-28] 자산 ₩10,001,922 | 포지션 0개 | 거래 528건
  [2022-10-28] 자산 ₩10,001,922 | 포지션 0개 | 거래 528건
  [2022-11-25] 자산 ₩10,120,340 | 포지션 3개 | 거래 537건
  [2022-12-23] 자산 ₩10,038,678 | 포지션 2개 | 거래 556건
  [2023-01-25] 자산 ₩10,223,153 | 포지션 0개 | 거래 564건
  [2023-02-22] 자산 ₩10,107,989 | 포지션 3개 | 거래 585건
  [2023-03-23] 자산 ₩10,052,974 | 포지션 3개 | 거래 609건
  [2023-04-20] 자산 ₩10,454,563 | 포지션 0개 | 거래 630건
  [2023-05-22] 자산 ₩10,080,279 | 포지션 2개 | 거래 652건
  [2023-06-21] 자산 ₩10,385,647 | 포지션 2개 | 거래 674건
  [2023-07-19] 자산 ₩11,132,578 | 포지션 2개 | 거래 692건
  [2023-08-17] 자산 ₩10,084,176 | 포지션 2개 | 거래 716건
  [2023-09-14] 자산 ₩9,755,946 | 포지션 1개 | 거래 741건
  [2023-10-19] 자산 ₩9,428,358 | 포지션 0개 | 거래 752건
  [2023-11-16] 자산 ₩9,428,358 | 포지션 0개 | 거래 752건
  [2023-12-14] 자산 ₩9,299,378 | 포지션 1개 | 거래 769건
  [2024-01-16] 자산 ₩8,920,446 | 포지션 2개 | 거래 794건
  [2024-02-15] 자산 ₩8,905,034 | 포지션 3개 | 거래 813건
  [2024-03-15] 자산 ₩8,256,036 | 포지션 1개 | 거래 839건
  [2024-04-15] 자산 ₩8,561,354 | 포지션 2개 | 거래 860건
  [2024-05-16] 자산 ₩8,592,548 | 포지션 2개 | 거래 874건
  [2024-06-14] 자산 ₩8,195,763 | 포지션 1개 | 거래 897건
  [2024-07-12] 자산 ₩8,144,662 | 포지션 3개 | 거래 911건
  [2024-08-09] 자산 ₩7,941,432 | 포지션 2개 | 거래 932건
  [2024-09-09] 자산 ₩7,993,802 | 포지션 1개 | 거래 949건
  [2024-10-15] 자산 ₩8,537,373 | 포지션 0개 | 거래 954건
  [2024-11-12] 자산 ₩8,537,373 | 포지션 0개 | 거래 954건
  [2024-12-10] 자산 ₩8,537,373 | 포지션 0개 | 거래 954건
  [2025-01-10] 자산 ₩8,537,373 | 포지션 0개 | 거래 954건
  [2025-02-13] 자산 ₩8,572,977 | 포지션 2개 | 거래 962건
  [2025-03-14] 자산 ₩8,214,979 | 포지션 1개 | 거래 987건
  [2025-04-11] 자산 ₩7,787,924 | 포지션 0개 | 거래 1006건
  [2025-05-14] 자산 ₩7,790,042 | 포지션 2개 | 거래 1012건
  [2025-06-13] 자산 ₩7,888,276 | 포지션 1개 | 거래 1029건
  [2025-07-11] 자산 ₩8,100,757 | 포지션 3개 | 거래 1049건
  [2025-08-08] 자산 ₩7,734,462 | 포지션 2개 | 거래 1068건
  [2025-09-08] 자산 ₩8,196,750 | 포지션 2개 | 거래 1088건
  [2025-10-13] 자산 ₩8,671,922 | 포지션 2개 | 거래 1110건
  [2025-11-10] 자산 ₩8,478,064 | 포지션 2개 | 거래 1136건
  [2025-12-08] 자산 ₩8,253,566 | 포지션 3개 | 거래 1157건
  [2026-01-08] 자산 ₩7,642,981 | 포지션 1개 | 거래 1185건
  [2026-02-05] 자산 ₩7,404,553 | 포지션 2개 | 거래 1212건
  [2026-03-11] 자산 ₩7,427,328 | 포지션 2개 | 거래 1238건
  [2026-04-08] 자산 ₩7,439,624 | 포지션 0개 | 거래 1258건
  [2026-05-08] 자산 ₩9,131,896 | 포지션 2개 | 거래 1276건
  [2026-06-09] 자산 ₩8,214,807 | 포지션 0개 | 거래 1304건
  [2026-07-07] 자산 ₩9,582,353 | 포지션 2개 | 거래 1330건
  [2026-08-05] 자산 ₩6,751,367 | 포지션 1개 | 거래 1351건
  [2026-09-03] 자산 ₩6,569,429 | 포지션 1개 | 거래 1377건
  [2026-09-23] 자산 ₩6,769,779 | 포지션 3개 | 거래 1389건

============================================================
 백테스트 결과 (2019-06-05 ~ 2026-09-23)
============================================================
  초기 자본:    ₩     10,000,000
  최종 자본:    ₩      6,769,779
  총 수익률:            -32.30%
  CAGR:                   -5.2%
  MDD:                  -45.29%  (2023-07-31 ~ 2026-09-08)
  Sharpe Ratio:          -0.29
  승률:                  31.2% (217/696)
  손익비:                 1.98
  총 거래 수:              696
  총 수수료:    ₩      1,725,819

-- 전략별 --
    SEPA: 수익  -32.4%, 승률   31%, 거래 696건, 평균 보유 4.4일

-- 월별 수익률 --
  2019-06:  +0.00% 
  2019-07:  +0.00% 
  2019-08:  +0.00% 
  2019-09:  -0.49% 
  2019-10:  +0.85% 
  2019-11:  -3.74% ###
  2019-12:  +6.30% ######
  2020-01:  -2.22% ##
  2020-02:  -6.36% ######
  2020-03:  +0.00% 
  2020-04:  +0.00% 
  2020-05:  -0.96% 
  2020-06:  +2.16% ##
  2020-07: -14.87% ##############
  2020-08: -13.30% #############
  2020-09:  -3.46% ###
  2020-10:  -2.49% ##
  2020-11:  -0.07% 
  2020-12: +11.90% ###########
  2021-01: +10.10% ##########
  2021-02:  +2.08% ##
  2021-03:  +0.10% 
  2021-04:  +2.28% ##
  2021-05:  +0.71% 
  2021-06:  +5.72% #####
  2021-07:  +2.74% ##
  2021-08:  +2.49% ##
  2021-09:  +0.47% 
  2021-10:  +0.00% 
  2021-11:  +0.00% 
  2021-12:  +0.82% 
  2022-01:  -2.97% ##
  2022-02:  +0.00% 
  2022-03:  +0.00% 
  2022-04:  -0.05% 
  2022-05:  +0.00% 
  2022-06:  +0.00% 
  2022-07:  +0.00% 
  2022-08:  +6.09% ######
  2022-09:  +0.63% 
  2022-10:  +0.00% 
  2022-11:  +1.03% #
  2022-12:  +0.18% 
  2023-01:  -0.69% 
  2023-02:  -1.73% #
  2023-03:  +4.65% ####
  2023-04:  -0.28% 
  2023-05:  +0.43% 
  2023-06:  +4.60% ####
  2023-07:  +9.30% #########
  2023-08: -15.83% ###############
  2023-09:  -5.38% #####
  2023-10:  +0.00% 
  2023-11:  +2.11% ##
  2023-12:  -4.39% ####
  2024-01:  -2.77% ##
  2024-02:  -4.49% ####
  2024-03:  -3.94% ###
  2024-04:  -0.56% 
  2024-05:  +3.54% ###
  2024-06:  -3.22% ###
  2024-07:  -0.68% 
  2024-08:  -1.16% #
  2024-09:  +1.01% #
  2024-10:  +5.21% #####
  2024-11:  +0.00% 
  2024-12:  +0.00% 
  2025-01:  -0.74% 
  2025-02:  -2.69% ##
  2025-03:  -4.73% ####
  2025-04:  -0.87% 
  2025-05:  -0.19% 
  2025-06:  +3.30% ###
  2025-07:  -3.35% ###
  2025-08:  +1.78% #
  2025-09:  +8.33% ########
  2025-10:  +1.70% #
  2025-11:  -5.68% #####
  2025-12:  -4.26% ####
  2026-01:  -6.78% ######
  2026-02:  +1.31% #
  2026-03:  +2.39% ##
  2026-04: +19.20% ###################
  2026-05:  -7.38% #######
  2026-06: +18.56% ##################
  2026-07: -31.67% ##############################
  2026-08:  -3.05% ###
  2026-09:  +2.75% ##
============================================================
