============================================================
KR 전략 백테스트 엔진
기간: 20190605 ~ 20260926 (89개월)
초기 자본: ₩10,000,000
전략: sepa
============================================================

OHLCV 데이터 로드 (20180501 ~ 20260926)...
  완료: 신규 0 + 캐시 391 = 391종목 (실패 0)
  시장 레짐 지표 로드 중...
  레짐 지표 캐시 2058일 사용 (source=kospi_fdr:FDR:YAHOO:^KS11)

시뮬레이션: 1794일
------------------------------------------------------------
  [2019-07-03] 자산 ₩10,000,000 | 포지션 0개 | 거래 0건
  [2019-07-31] 자산 ₩10,000,000 | 포지션 0개 | 거래 0건
  [2019-08-29] 자산 ₩10,000,000 | 포지션 0개 | 거래 0건
  [2019-09-30] 자산 ₩10,025,840 | 포지션 4개 | 거래 4건
  [2019-10-30] 자산 ₩10,003,042 | 포지션 4개 | 거래 31건
  [2019-11-27] 자산 ₩10,341,782 | 포지션 4개 | 거래 68건
  [2019-12-26] 자산 ₩10,689,758 | 포지션 3개 | 거래 108건
  [2020-01-29] 자산 ₩11,017,127 | 포지션 3개 | 거래 146건
  [2020-02-26] 자산 ₩10,586,570 | 포지션 3개 | 거래 181건
  [2020-03-25] 자산 ₩10,465,826 | 포지션 0개 | 거래 184건
  [2020-04-23] 자산 ₩10,465,826 | 포지션 0개 | 거래 184건
  [2020-05-26] 자산 ₩10,521,967 | 포지션 2개 | 거래 206건
  [2020-06-23] 자산 ₩10,890,455 | 포지션 4개 | 거래 269건
  [2020-07-21] 자산 ₩10,791,194 | 포지션 2개 | 거래 313건
  [2020-08-19] 자산 ₩10,869,586 | 포지션 0개 | 거래 362건
  [2020-09-16] 자산 ₩11,278,887 | 포지션 2개 | 거래 421건
  [2020-10-20] 자산 ₩10,718,037 | 포지션 1개 | 거래 459건
  [2020-11-17] 자산 ₩10,646,260 | 포지션 2개 | 거래 499건
  [2020-12-15] 자산 ₩10,661,670 | 포지션 2개 | 거래 531건
  [2021-01-15] 자산 ₩10,790,269 | 포지션 3개 | 거래 578건
  [2021-02-16] 자산 ₩10,824,671 | 포지션 1개 | 거래 627건
  [2021-03-17] 자산 ₩10,517,255 | 포지션 1개 | 거래 667건
  [2021-04-14] 자산 ₩10,657,746 | 포지션 1개 | 거래 699건
  [2021-05-13] 자산 ₩11,070,100 | 포지션 0개 | 거래 736건
  [2021-06-11] 자산 ₩12,071,637 | 포지션 2개 | 거래 794건
  [2021-07-09] 자산 ₩12,218,090 | 포지션 0개 | 거래 831건
  [2021-08-06] 자산 ₩12,477,188 | 포지션 2개 | 거래 874건
  [2021-09-06] 자산 ₩12,655,351 | 포지션 2개 | 거래 921건
  [2021-10-08] 자산 ₩13,683,107 | 포지션 0개 | 거래 961건
  [2021-11-08] 자산 ₩13,683,107 | 포지션 0개 | 거래 961건
  [2021-12-06] 자산 ₩13,683,107 | 포지션 0개 | 거래 961건
  [2022-01-04] 자산 ₩13,729,490 | 포지션 4개 | 거래 972건
  [2022-02-04] 자산 ₩13,437,577 | 포지션 0개 | 거래 989건
  [2022-03-07] 자산 ₩13,437,577 | 포지션 0개 | 거래 989건
  [2022-04-05] 자산 ₩13,437,577 | 포지션 0개 | 거래 989건
  [2022-05-03] 자산 ₩13,431,664 | 포지션 0개 | 거래 1009건
  [2022-06-02] 자산 ₩13,431,664 | 포지션 0개 | 거래 1009건
  [2022-07-01] 자산 ₩13,431,664 | 포지션 0개 | 거래 1009건
  [2022-07-29] 자산 ₩13,431,664 | 포지션 0개 | 거래 1009건
  [2022-08-29] 자산 ₩13,593,860 | 포지션 2개 | 거래 1030건
  [2022-09-28] 자산 ₩13,681,240 | 포지션 0개 | 거래 1070건
  [2022-10-28] 자산 ₩13,681,240 | 포지션 0개 | 거래 1070건
  [2022-11-25] 자산 ₩13,792,844 | 포지션 4개 | 거래 1082건
  [2022-12-23] 자산 ₩13,654,307 | 포지션 0개 | 거래 1104건
  [2023-01-25] 자산 ₩13,664,096 | 포지션 0개 | 거래 1119건
  [2023-02-22] 자산 ₩13,068,096 | 포지션 4개 | 거래 1152건
  [2023-03-23] 자산 ₩13,688,582 | 포지션 1개 | 거래 1208건
  [2023-04-20] 자산 ₩14,352,150 | 포지션 2개 | 거래 1257건
  [2023-05-22] 자산 ₩14,176,203 | 포지션 3개 | 거래 1288건
  [2023-06-21] 자산 ₩14,488,333 | 포지션 1개 | 거래 1331건
  [2023-07-19] 자산 ₩15,629,025 | 포지션 4개 | 거래 1379건
  [2023-08-17] 자산 ₩14,967,392 | 포지션 1개 | 거래 1427건
  [2023-09-14] 자산 ₩15,118,424 | 포지션 3개 | 거래 1482건
  [2023-10-19] 자산 ₩14,764,370 | 포지션 0개 | 거래 1495건
  [2023-11-16] 자산 ₩14,764,370 | 포지션 0개 | 거래 1495건
  [2023-12-14] 자산 ₩14,863,696 | 포지션 4개 | 거래 1529건
  [2024-01-16] 자산 ₩14,595,222 | 포지션 2개 | 거래 1564건
  [2024-02-15] 자산 ₩14,911,335 | 포지션 3개 | 거래 1607건
  [2024-03-15] 자산 ₩14,438,178 | 포지션 3개 | 거래 1651건
  [2024-04-15] 자산 ₩14,569,611 | 포지션 4개 | 거래 1687건
  [2024-05-16] 자산 ₩14,363,613 | 포지션 3개 | 거래 1727건
  [2024-06-14] 자산 ₩14,458,441 | 포지션 2개 | 거래 1773건
  [2024-07-12] 자산 ₩14,686,550 | 포지션 3개 | 거래 1819건
  [2024-08-09] 자산 ₩14,514,714 | 포지션 3개 | 거래 1856건
  [2024-09-09] 자산 ₩14,685,910 | 포지션 0개 | 거래 1888건
  [2024-10-15] 자산 ₩14,908,341 | 포지션 0개 | 거래 1897건
  [2024-11-12] 자산 ₩14,908,341 | 포지션 0개 | 거래 1897건
  [2024-12-10] 자산 ₩14,908,341 | 포지션 0개 | 거래 1897건
  [2025-01-10] 자산 ₩14,908,341 | 포지션 0개 | 거래 1897건
  [2025-02-13] 자산 ₩15,176,661 | 포지션 4개 | 거래 1916건
  [2025-03-14] 자산 ₩15,079,913 | 포지션 3개 | 거래 1955건
  [2025-04-11] 자산 ₩14,426,666 | 포지션 0개 | 거래 1986건
  [2025-05-14] 자산 ₩14,468,835 | 포지션 1개 | 거래 1993건
  [2025-06-13] 자산 ₩14,372,918 | 포지션 1개 | 거래 2026건
  [2025-07-11] 자산 ₩14,760,524 | 포지션 2개 | 거래 2059건
  [2025-08-08] 자산 ₩14,904,391 | 포지션 2개 | 거래 2104건
  [2025-09-08] 자산 ₩15,107,965 | 포지션 2개 | 거래 2152건
  [2025-10-13] 자산 ₩14,764,911 | 포지션 3개 | 거래 2191건
  [2025-11-10] 자산 ₩13,540,531 | 포지션 1개 | 거래 2231건
  [2025-12-08] 자산 ₩13,738,701 | 포지션 3개 | 거래 2274건
  [2026-01-08] 자산 ₩13,889,635 | 포지션 0개 | 거래 2326건
  [2026-02-05] 자산 ₩13,836,119 | 포지션 0개 | 거래 2382건
  [2026-03-11] 자산 ₩13,712,845 | 포지션 1개 | 거래 2433건
  [2026-04-08] 자산 ₩14,550,140 | 포지션 1개 | 거래 2508건
  [2026-05-08] 자산 ₩13,948,365 | 포지션 2개 | 거래 2548건
  [2026-06-09] 자산 ₩14,212,282 | 포지션 1개 | 거래 2601건
  [2026-07-07] 자산 ₩14,497,836 | 포지션 1개 | 거래 2665건
  [2026-08-05] 자산 ₩14,298,315 | 포지션 2개 | 거래 2696건
  [2026-09-03] 자산 ₩13,774,055 | 포지션 2개 | 거래 2738건
  [2026-09-23] 자산 ₩13,610,113 | 포지션 1개 | 거래 2762건

============================================================
 백테스트 결과 (2019-06-05 ~ 2026-09-23)
============================================================
  초기 자본:    ₩     10,000,000
  최종 자본:    ₩     13,610,113
  총 수익률:            +36.10%
  CAGR:                    4.3%
  MDD:                  -15.14%  (2023-07-20 ~ 2025-11-25)
  Sharpe Ratio:           0.14
  승률:                  59.0% (971/1645)
  손익비:                 2.25
  총 거래 수:             1645
  총 수수료:    ₩      2,787,345

-- 전략별 --
    SEPA: 수익  +36.1%, 승률   59%, 거래 1645건, 평균 보유 3.5일

-- 월별 수익률 --
  2019-06:  +0.00% 
  2019-07:  +0.00% 
  2019-08:  +0.00% 
  2019-09:  -0.02% 
  2019-10:  +1.27% #
  2019-11:  +3.15% ###
  2019-12:  +2.87% ##
  2020-01:  +2.22% ##
  2020-02:  -4.69% ####
  2020-03:  +0.00% 
  2020-04:  +0.00% 
  2020-05:  -0.29% 
  2020-06:  +4.80% ####
  2020-07:  -0.84% 
  2020-08:  +2.75% ##
  2020-09:  -3.19% ###
  2020-10:  -2.50% ##
  2020-11:  +1.66% #
  2020-12:  +3.31% ###
  2021-01:  -1.81% #
  2021-02:  -2.96% ##
  2021-03:  -0.51% 
  2021-04:  +4.60% ####
  2021-05:  +0.96% 
  2021-06: +12.71% ############
  2021-07:  +0.88% 
  2021-08:  -1.47% #
  2021-09: +10.54% ##########
  2021-10:  -0.08% 
  2021-11:  +0.00% 
  2021-12:  +0.44% 
  2022-01:  -2.22% ##
  2022-02:  +0.00% 
  2022-03:  +0.00% 
  2022-04:  -0.04% 
  2022-05:  +0.00% 
  2022-06:  +0.00% 
  2022-07:  +0.00% 
  2022-08:  +2.25% ##
  2022-09:  -0.39% 
  2022-10:  +0.00% 
  2022-11:  -0.01% 
  2022-12:  -0.90% 
  2023-01:  -0.65% 
  2023-02:  -2.36% ##
  2023-03:  +3.55% ###
  2023-04:  +4.45% ####
  2023-05:  +1.05% #
  2023-06:  +1.02% #
  2023-07:  +5.90% #####
  2023-08:  -1.91% #
  2023-09:  -2.11% ##
  2023-10:  +0.00% 
  2023-11:  +1.74% #
  2023-12:  -1.11% #
  2024-01:  +1.41% #
  2024-02:  -5.10% #####
  2024-03:  -0.86% 
  2024-04:  +0.54% 
  2024-05:  -0.31% 
  2024-06:  +3.68% ###
  2024-07:  -0.79% 
  2024-08:  +0.39% 
  2024-09:  +1.37% #
  2024-10:  +0.26% 
  2024-11:  +0.00% 
  2024-12:  +0.00% 
  2025-01:  -0.59% 
  2025-02:  +3.08% ###
  2025-03:  -5.24% #####
  2025-04:  -0.34% 
  2025-05:  -0.05% 
  2025-06:  +1.64% #
  2025-07:  +0.98% 
  2025-08:  +2.03% ##
  2025-09:  -3.93% ###
  2025-10:  -3.21% ###
  2025-11:  -2.47% ##
  2025-12:  +3.27% ###
  2026-01:  -0.93% 
  2026-02:  -1.60% #
  2026-03:  +0.03% 
  2026-04:  +1.46% #
  2026-05:  +0.62% 
  2026-06:  +4.82% ####
  2026-07:  -2.85% ##
  2026-08:  -3.27% ###
  2026-09:  -1.85% #
============================================================
