============================================================
KR 전략 백테스트 엔진
기간: 20190605 ~ 20260926 (89개월)
초기 자본: ₩10,000,000
전략: sepa
============================================================

OHLCV 데이터 로드 (20180501 ~ 20260926)...
  완료: 신규 0 + 캐시 60 = 60종목 (실패 0)
  시장 레짐 지표 로드 중...
  레짐 지표 캐시 2058일 사용 (source=kospi_fdr:FDR:YAHOO:^KS11)

시뮬레이션: 1794일
------------------------------------------------------------
  [2019-07-03] 자산 ₩10,000,000 | 포지션 0개 | 거래 0건
  [2019-07-31] 자산 ₩10,000,000 | 포지션 0개 | 거래 0건
  [2019-08-29] 자산 ₩10,000,000 | 포지션 0개 | 거래 0건
  [2019-09-30] 자산 ₩9,996,305 | 포지션 1개 | 거래 1건
  [2019-10-30] 자산 ₩10,052,019 | 포지션 1개 | 거래 17건
  [2019-11-27] 자산 ₩9,934,909 | 포지션 3개 | 거래 37건
  [2019-12-26] 자산 ₩9,953,281 | 포지션 2개 | 거래 51건
  [2020-01-29] 자산 ₩10,347,382 | 포지션 0개 | 거래 74건
  [2020-02-26] 자산 ₩10,224,266 | 포지션 0개 | 거래 104건
  [2020-03-25] 자산 ₩10,224,266 | 포지션 0개 | 거래 104건
  [2020-04-23] 자산 ₩10,224,266 | 포지션 0개 | 거래 104건
  [2020-05-26] 자산 ₩11,017,521 | 포지션 5개 | 거래 123건
  [2020-06-23] 자산 ₩11,249,179 | 포지션 2개 | 거래 166건
  [2020-07-21] 자산 ₩11,143,242 | 포지션 1개 | 거래 197건
  [2020-08-19] 자산 ₩11,339,664 | 포지션 2개 | 거래 227건
  [2020-09-16] 자산 ₩11,040,815 | 포지션 1개 | 거래 253건
  [2020-10-20] 자산 ₩10,870,255 | 포지션 0개 | 거래 260건
  [2020-11-17] 자산 ₩11,417,422 | 포지션 1개 | 거래 294건
  [2020-12-15] 자산 ₩11,217,587 | 포지션 2개 | 거래 323건
  [2021-01-15] 자산 ₩11,561,132 | 포지션 2개 | 거래 358건
  [2021-02-16] 자산 ₩11,827,904 | 포지션 3개 | 거래 395건
  [2021-03-17] 자산 ₩11,643,592 | 포지션 1개 | 거래 425건
  [2021-04-14] 자산 ₩11,624,355 | 포지션 2개 | 거래 450건
  [2021-05-13] 자산 ₩12,002,324 | 포지션 1개 | 거래 482건
  [2021-06-11] 자산 ₩12,378,440 | 포지션 1개 | 거래 510건
  [2021-07-09] 자산 ₩12,754,271 | 포지션 1개 | 거래 542건
  [2021-08-06] 자산 ₩13,500,718 | 포지션 3개 | 거래 576건
  [2021-09-06] 자산 ₩13,055,220 | 포지션 1개 | 거래 605건
  [2021-10-08] 자산 ₩13,321,208 | 포지션 0개 | 거래 631건
  [2021-11-08] 자산 ₩13,321,208 | 포지션 0개 | 거래 631건
  [2021-12-06] 자산 ₩13,321,208 | 포지션 0개 | 거래 631건
  [2022-01-04] 자산 ₩13,198,737 | 포지션 0개 | 거래 637건
  [2022-02-04] 자산 ₩13,320,642 | 포지션 0개 | 거래 643건
  [2022-03-07] 자산 ₩13,320,642 | 포지션 0개 | 거래 643건
  [2022-04-05] 자산 ₩13,320,642 | 포지션 0개 | 거래 643건
  [2022-05-03] 자산 ₩13,120,984 | 포지션 0개 | 거래 651건
  [2022-06-02] 자산 ₩13,120,984 | 포지션 0개 | 거래 651건
  [2022-07-01] 자산 ₩13,120,984 | 포지션 0개 | 거래 651건
  [2022-07-29] 자산 ₩13,120,984 | 포지션 0개 | 거래 651건
  [2022-08-29] 자산 ₩13,209,022 | 포지션 2개 | 거래 655건
  [2022-09-28] 자산 ₩13,044,643 | 포지션 0개 | 거래 659건
  [2022-10-28] 자산 ₩13,044,643 | 포지션 0개 | 거래 659건
  [2022-11-25] 자산 ₩12,945,503 | 포지션 0개 | 거래 663건
  [2022-12-23] 자산 ₩12,866,714 | 포지션 1개 | 거래 672건
  [2023-01-25] 자산 ₩12,839,667 | 포지션 0개 | 거래 673건
  [2023-02-22] 자산 ₩13,559,949 | 포지션 0개 | 거래 710건
  [2023-03-23] 자산 ₩14,167,766 | 포지션 1개 | 거래 743건
  [2023-04-20] 자산 ₩14,345,086 | 포지션 3개 | 거래 775건
  [2023-05-22] 자산 ₩14,560,858 | 포지션 3개 | 거래 799건
  [2023-06-21] 자산 ₩14,908,704 | 포지션 3개 | 거래 825건
  [2023-07-19] 자산 ₩14,829,092 | 포지션 0개 | 거래 859건
  [2023-08-17] 자산 ₩14,284,093 | 포지션 0개 | 거래 890건
  [2023-09-14] 자산 ₩14,785,267 | 포지션 2개 | 거래 916건
  [2023-10-19] 자산 ₩14,918,956 | 포지션 0개 | 거래 932건
  [2023-11-16] 자산 ₩14,918,956 | 포지션 0개 | 거래 932건
  [2023-12-14] 자산 ₩15,171,040 | 포지션 4개 | 거래 950건
  [2024-01-16] 자산 ₩14,909,980 | 포지션 2개 | 거래 976건
  [2024-02-15] 자산 ₩14,723,964 | 포지션 2개 | 거래 997건
  [2024-03-15] 자산 ₩14,599,058 | 포지션 3개 | 거래 1023건
  [2024-04-15] 자산 ₩14,107,165 | 포지션 0개 | 거래 1050건
  [2024-05-16] 자산 ₩13,640,845 | 포지션 3개 | 거래 1074건
  [2024-06-14] 자산 ₩13,145,630 | 포지션 0개 | 거래 1097건
  [2024-07-12] 자산 ₩13,313,161 | 포지션 2개 | 거래 1124건
  [2024-08-09] 자산 ₩14,054,129 | 포지션 2개 | 거래 1159건
  [2024-09-09] 자산 ₩13,986,594 | 포지션 1개 | 거래 1176건
  [2024-10-15] 자산 ₩13,850,413 | 포지션 0개 | 거래 1181건
  [2024-11-12] 자산 ₩13,850,413 | 포지션 0개 | 거래 1181건
  [2024-12-10] 자산 ₩13,850,413 | 포지션 0개 | 거래 1181건
  [2025-01-10] 자산 ₩13,850,413 | 포지션 0개 | 거래 1181건
  [2025-02-13] 자산 ₩13,742,978 | 포지션 2개 | 거래 1191건
  [2025-03-14] 자산 ₩13,124,092 | 포지션 3개 | 거래 1212건
  [2025-04-11] 자산 ₩12,661,032 | 포지션 0개 | 거래 1231건
  [2025-05-14] 자산 ₩12,662,918 | 포지션 1개 | 거래 1239건
  [2025-06-13] 자산 ₩13,273,528 | 포지션 4개 | 거래 1273건
  [2025-07-11] 자산 ₩13,790,790 | 포지션 2개 | 거래 1309건
  [2025-08-08] 자산 ₩13,588,188 | 포지션 1개 | 거래 1337건
  [2025-09-08] 자산 ₩13,576,430 | 포지션 3개 | 거래 1360건
  [2025-10-13] 자산 ₩14,504,373 | 포지션 3개 | 거래 1394건
  [2025-11-10] 자산 ₩14,799,085 | 포지션 1개 | 거래 1434건
  [2025-12-08] 자산 ₩14,065,201 | 포지션 2개 | 거래 1457건
  [2026-01-08] 자산 ₩14,187,895 | 포지션 1개 | 거래 1494건
  [2026-02-05] 자산 ₩15,004,247 | 포지션 3개 | 거래 1529건
  [2026-03-11] 자산 ₩15,297,585 | 포지션 0개 | 거래 1567건
  [2026-04-08] 자산 ₩14,907,569 | 포지션 1개 | 거래 1591건
  [2026-05-08] 자산 ₩15,641,089 | 포지션 3개 | 거래 1626건
  [2026-06-09] 자산 ₩15,378,717 | 포지션 0개 | 거래 1663건
  [2026-07-07] 자산 ₩15,622,372 | 포지션 3개 | 거래 1690건
  [2026-08-05] 자산 ₩15,147,137 | 포지션 0개 | 거래 1705건
  [2026-09-03] 자산 ₩15,171,791 | 포지션 3개 | 거래 1716건
  [2026-09-23] 자산 ₩14,897,859 | 포지션 1개 | 거래 1729건

============================================================
 백테스트 결과 (2019-06-05 ~ 2026-09-23)
============================================================
  초기 자본:    ₩     10,000,000
  최종 자본:    ₩     14,897,859
  총 수익률:            +48.98%
  CAGR:                    5.6%
  MDD:                  -18.22%  (2023-06-27 ~ 2025-05-13)
  Sharpe Ratio:           0.28
  승률:                  55.4% (551/995)
  손익비:                 2.83
  총 거래 수:              995
  총 수수료:    ₩      2,590,316

-- 전략별 --
    SEPA: 수익  +48.9%, 승률   55%, 거래 995건, 평균 보유 4.1일

-- 월별 수익률 --
  2019-06:  +0.00% 
  2019-07:  +0.00% 
  2019-08:  +0.00% 
  2019-09:  -0.04% 
  2019-10:  +1.24% #
  2019-11:  -2.55% ##
  2019-12:  +1.34% #
  2020-01:  +1.93% #
  2020-02:  +0.36% 
  2020-03:  +0.00% 
  2020-04:  +0.00% 
  2020-05:  +7.43% #######
  2020-06:  -0.11% 
  2020-07:  +1.85% #
  2020-08:  -0.75% 
  2020-09:  -1.65% #
  2020-10:  +2.10% ##
  2020-11:  +1.23% #
  2020-12:  +0.01% 
  2021-01:  +5.07% #####
  2021-02:  +1.23% #
  2021-03:  -1.57% #
  2021-04:  -0.51% 
  2021-05:  +2.50% ##
  2021-06:  +7.45% #######
  2021-07:  +2.83% ##
  2021-08:  -1.11% #
  2021-09:  +1.28% #
  2021-10:  -0.03% 
  2021-11:  +0.00% 
  2021-12:  -0.03% 
  2022-01:  +0.03% 
  2022-02:  +0.00% 
  2022-03:  +0.00% 
  2022-04:  -1.50% #
  2022-05:  +0.00% 
  2022-06:  +0.00% 
  2022-07:  +0.00% 
  2022-08:  +0.13% 
  2022-09:  -0.71% 
  2022-10:  +0.00% 
  2022-11:  -0.67% 
  2022-12:  -0.91% 
  2023-01:  +0.93% 
  2023-02:  +6.82% ######
  2023-03:  +0.83% 
  2023-04:  +0.41% 
  2023-05:  +2.74% ##
  2023-06:  +6.54% ######
  2023-07:  -2.75% ##
  2023-08:  -0.84% 
  2023-09:  +0.83% 
  2023-10:  +0.00% 
  2023-11:  +0.99% 
  2023-12:  +0.56% 
  2024-01:  -2.64% ##
  2024-02:  +0.51% 
  2024-03:  -5.43% #####
  2024-04:  -2.14% ##
  2024-05:  -1.96% #
  2024-06:  -0.97% 
  2024-07:  +6.46% ######
  2024-08:  -1.49% #
  2024-09:  -0.86% 
  2024-10:  +0.00% 
  2024-11:  +0.00% 
  2024-12:  +0.00% 
  2025-01:  -1.17% #
  2025-02:  -1.85% #
  2025-03:  -5.17% #####
  2025-04:  -0.63% 
  2025-05:  +2.42% ##
  2025-06:  +6.23% ######
  2025-07:  -2.51% ##
  2025-08:  +0.31% 
  2025-09:  +5.87% #####
  2025-10:  +7.10% #######
  2025-11:  -7.85% #######
  2025-12:  +0.17% 
  2026-01:  +3.96% ###
  2026-02:  +7.44% #######
  2026-03:  -4.48% ####
  2026-04:  +1.07% #
  2026-05:  +4.16% ####
  2026-06:  -1.52% #
  2026-07:  -2.86% ##
  2026-08:  -0.28% 
  2026-09:  -1.37% #
============================================================
