============================================================
KR 전략 백테스트 엔진
기간: 20190605 ~ 20260926 (89개월)
초기 자본: ₩10,000,000
전략: sepa
============================================================

OHLCV 데이터 로드 (20180501 ~ 20260926)...
  완료: 신규 0 + 캐시 391 = 391종목 (실패 0)
  시장 레짐 지표 로드 중...
  레짐 지표 캐시 2058일 사용 (source=kospi_fdr:FDR:YAHOO:^KS11)

시뮬레이션: 1794일
------------------------------------------------------------
  [2019-07-03] 자산 ₩10,000,000 | 포지션 0개 | 거래 0건
  [2019-07-31] 자산 ₩10,000,000 | 포지션 0개 | 거래 0건
  [2019-08-29] 자산 ₩10,000,000 | 포지션 0개 | 거래 0건
  [2019-09-30] 자산 ₩9,957,220 | 포지션 1개 | 거래 3건
  [2019-10-30] 자산 ₩9,871,284 | 포지션 3개 | 거래 18건
  [2019-11-27] 자산 ₩10,009,072 | 포지션 1개 | 거래 40건
  [2019-12-26] 자산 ₩10,304,442 | 포지션 4개 | 거래 67건
  [2020-01-29] 자산 ₩10,819,437 | 포지션 3개 | 거래 96건
  [2020-02-26] 자산 ₩10,219,435 | 포지션 2개 | 거래 125건
  [2020-03-25] 자산 ₩10,094,405 | 포지션 0개 | 거래 127건
  [2020-04-23] 자산 ₩10,094,405 | 포지션 0개 | 거래 127건
  [2020-05-26] 자산 ₩10,146,380 | 포지션 2개 | 거래 143건
  [2020-06-23] 자산 ₩10,378,761 | 포지션 2개 | 거래 182건
  [2020-07-21] 자산 ₩10,371,342 | 포지션 2개 | 거래 219건
  [2020-08-19] 자산 ₩10,306,795 | 포지션 0개 | 거래 246건
  [2020-09-16] 자산 ₩10,425,573 | 포지션 1개 | 거래 285건
  [2020-10-20] 자산 ₩9,998,881 | 포지션 2개 | 거래 313건
  [2020-11-17] 자산 ₩9,533,592 | 포지션 2개 | 거래 337건
  [2020-12-15] 자산 ₩9,867,869 | 포지션 3개 | 거래 374건
  [2021-01-15] 자산 ₩9,969,754 | 포지션 2개 | 거래 417건
  [2021-02-16] 자산 ₩9,627,598 | 포지션 2개 | 거래 444건
  [2021-03-17] 자산 ₩9,815,271 | 포지션 3개 | 거래 472건
  [2021-04-14] 자산 ₩9,965,331 | 포지션 3개 | 거래 503건
  [2021-05-13] 자산 ₩10,516,024 | 포지션 0개 | 거래 532건
  [2021-06-11] 자산 ₩11,235,385 | 포지션 2개 | 거래 565건
  [2021-07-09] 자산 ₩11,794,549 | 포지션 0개 | 거래 594건
  [2021-08-06] 자산 ₩12,027,609 | 포지션 2개 | 거래 625건
  [2021-09-06] 자산 ₩12,018,968 | 포지션 2개 | 거래 658건
  [2021-10-08] 자산 ₩12,300,665 | 포지션 0개 | 거래 687건
  [2021-11-08] 자산 ₩12,300,665 | 포지션 0개 | 거래 687건
  [2021-12-06] 자산 ₩12,300,665 | 포지션 0개 | 거래 687건
  [2022-01-04] 자산 ₩12,391,581 | 포지션 3개 | 거래 697건
  [2022-02-04] 자산 ₩12,104,724 | 포지션 0개 | 거래 708건
  [2022-03-07] 자산 ₩12,104,724 | 포지션 0개 | 거래 708건
  [2022-04-05] 자산 ₩12,104,724 | 포지션 0개 | 거래 708건
  [2022-05-03] 자산 ₩12,238,908 | 포지션 1개 | 거래 723건
  [2022-06-02] 자산 ₩12,454,329 | 포지션 0개 | 거래 727건
  [2022-07-01] 자산 ₩12,454,329 | 포지션 0개 | 거래 727건
  [2022-07-29] 자산 ₩12,454,329 | 포지션 0개 | 거래 727건
  [2022-08-29] 자산 ₩12,474,354 | 포지션 3개 | 거래 737건
  [2022-09-28] 자산 ₩12,235,274 | 포지션 0개 | 거래 760건
  [2022-10-28] 자산 ₩12,235,274 | 포지션 0개 | 거래 760건
  [2022-11-25] 자산 ₩12,491,510 | 포지션 4개 | 거래 766건
  [2022-12-23] 자산 ₩12,167,665 | 포지션 2개 | 거래 787건
  [2023-01-25] 자산 ₩12,565,445 | 포지션 0개 | 거래 800건
  [2023-02-22] 자산 ₩11,889,493 | 포지션 1개 | 거래 824건
  [2023-03-23] 자산 ₩12,531,442 | 포지션 1개 | 거래 866건
  [2023-04-20] 자산 ₩12,435,871 | 포지션 0개 | 거래 903건
  [2023-05-22] 자산 ₩11,945,611 | 포지션 2개 | 거래 927건
  [2023-06-21] 자산 ₩12,304,237 | 포지션 1개 | 거래 960건
  [2023-07-19] 자산 ₩12,468,296 | 포지션 1개 | 거래 992건
  [2023-08-17] 자산 ₩12,354,499 | 포지션 1개 | 거래 1028건
  [2023-09-14] 자산 ₩12,388,175 | 포지션 0개 | 거래 1060건
  [2023-10-19] 자산 ₩11,944,734 | 포지션 0개 | 거래 1072건
  [2023-11-16] 자산 ₩11,944,734 | 포지션 0개 | 거래 1072건
  [2023-12-14] 자산 ₩11,940,120 | 포지션 0개 | 거래 1098건
  [2024-01-16] 자산 ₩11,746,143 | 포지션 2개 | 거래 1127건
  [2024-02-15] 자산 ₩11,972,410 | 포지션 2개 | 거래 1164건
  [2024-03-15] 자산 ₩11,102,647 | 포지션 2개 | 거래 1191건
  [2024-04-15] 자산 ₩11,319,430 | 포지션 2개 | 거래 1214건
  [2024-05-16] 자산 ₩11,266,180 | 포지션 3개 | 거래 1246건
  [2024-06-14] 자산 ₩10,939,562 | 포지션 2개 | 거래 1275건
  [2024-07-12] 자산 ₩10,772,849 | 포지션 2개 | 거래 1301건
  [2024-08-09] 자산 ₩10,506,140 | 포지션 2개 | 거래 1328건
  [2024-09-09] 자산 ₩10,453,066 | 포지션 0개 | 거래 1356건
  [2024-10-15] 자산 ₩10,790,399 | 포지션 0개 | 거래 1363건
  [2024-11-12] 자산 ₩10,790,399 | 포지션 0개 | 거래 1363건
  [2024-12-10] 자산 ₩10,790,399 | 포지션 0개 | 거래 1363건
  [2025-01-10] 자산 ₩10,790,399 | 포지션 0개 | 거래 1363건
  [2025-02-13] 자산 ₩10,893,662 | 포지션 2개 | 거래 1372건
  [2025-03-14] 자산 ₩10,854,482 | 포지션 3개 | 거래 1394건
  [2025-04-11] 자산 ₩10,375,200 | 포지션 1개 | 거래 1416건
  [2025-05-14] 자산 ₩10,413,551 | 포지션 2개 | 거래 1424건
  [2025-06-13] 자산 ₩10,468,784 | 포지션 3개 | 거래 1450건
  [2025-07-11] 자산 ₩10,854,440 | 포지션 4개 | 거래 1481건
  [2025-08-08] 자산 ₩11,359,486 | 포지션 3개 | 거래 1520건
  [2025-09-08] 자산 ₩11,417,477 | 포지션 2개 | 거래 1549건
  [2025-10-13] 자산 ₩10,982,501 | 포지션 1개 | 거래 1582건
  [2025-11-10] 자산 ₩10,256,508 | 포지션 0개 | 거래 1612건
  [2025-12-08] 자산 ₩10,600,820 | 포지션 3개 | 거래 1634건
  [2026-01-08] 자산 ₩9,740,031 | 포지션 1개 | 거래 1664건
  [2026-02-05] 자산 ₩9,622,063 | 포지션 0개 | 거래 1702건
  [2026-03-11] 자산 ₩10,147,053 | 포지션 2개 | 거래 1736건
  [2026-04-08] 자산 ₩11,576,206 | 포지션 0개 | 거래 1783건
  [2026-05-08] 자산 ₩11,371,283 | 포지션 0개 | 거래 1820건
  [2026-06-09] 자산 ₩10,843,468 | 포지션 0개 | 거래 1858건
  [2026-07-07] 자산 ₩11,776,087 | 포지션 0개 | 거래 1898건
  [2026-08-05] 자산 ₩11,601,148 | 포지션 0개 | 거래 1929건
  [2026-09-03] 자산 ₩11,500,566 | 포지션 2개 | 거래 1957건
  [2026-09-23] 자산 ₩11,540,916 | 포지션 3개 | 거래 1979건

============================================================
 백테스트 결과 (2019-06-05 ~ 2026-09-23)
============================================================
  초기 자본:    ₩     10,000,000
  최종 자본:    ₩     11,540,916
  총 수익률:            +15.41%
  CAGR:                    2.0%
  MDD:                  -27.67%  (2023-04-10 ~ 2026-01-22)
  Sharpe Ratio:          -0.05
  승률:                  52.4% (606/1156)
  손익비:                 2.82
  총 거래 수:             1156
  총 수수료:    ₩      2,543,359

-- 전략별 --
    SEPA: 수익  +15.3%, 승률   52%, 거래 1156건, 평균 보유 3.9일

-- 월별 수익률 --
  2019-06:  +0.00% 
  2019-07:  +0.00% 
  2019-08:  +0.00% 
  2019-09:  -0.49% 
  2019-10:  -0.84% 
  2019-11:  +2.57% ##
  2019-12:  +5.72% #####
  2020-01:  -0.38% 
  2020-02:  -5.30% #####
  2020-03:  +0.00% 
  2020-04:  +0.00% 
  2020-05:  +0.23% 
  2020-06:  +7.28% #######
  2020-07:  -5.05% #####
  2020-08:  +2.53% ##
  2020-09:  -4.68% ####
  2020-10:  -3.39% ###
  2020-11:  -2.19% ##
  2020-12:  +8.75% ########
  2021-01:  -5.38% #####
  2021-02:  -4.10% ####
  2021-03:  +2.28% ##
  2021-04:  +7.70% #######
  2021-05:  +0.11% 
  2021-06: +15.40% ###############
  2021-07:  +2.78% ##
  2021-08:  -1.31% #
  2021-09:  +1.46% #
  2021-10:  +0.00% 
  2021-11:  +0.00% 
  2021-12:  +0.62% 
  2022-01:  -2.20% ##
  2022-02:  +0.00% 
  2022-03:  +0.00% 
  2022-04:  +1.37% #
  2022-05:  +1.50% #
  2022-06:  +0.00% 
  2022-07:  +0.00% 
  2022-08:  +0.79% 
  2022-09:  -2.53% ##
  2022-10:  +0.00% 
  2022-11:  +0.35% 
  2022-12:  +0.46% 
  2023-01:  +0.35% 
  2023-02:  +0.33% 
  2023-03:  +0.69% 
  2023-04:  -1.44% #
  2023-05:  -2.46% ##
  2023-06:  +3.14% ###
  2023-07:  +2.46% ##
  2023-08:  -3.43% ###
  2023-09:  -2.63% ##
  2023-10:  +0.00% 
  2023-11:  +2.75% ##
  2023-12:  -4.24% ####
  2024-01:  +1.96% #
  2024-02:  -4.41% ####
  2024-03:  -4.32% ####
  2024-04:  -0.04% 
  2024-05:  +1.42% #
  2024-06:  -1.69% #
  2024-07:  -3.68% ###
  2024-08:  -0.50% 
  2024-09:  +2.22% ##
  2024-10:  +0.84% 
  2024-11:  +0.00% 
  2024-12:  +0.00% 
  2025-01:  -0.74% 
  2025-02:  +0.87% 
  2025-03:  -3.63% ###
  2025-04:  -0.03% 
  2025-05:  -0.29% 
  2025-06:  +1.75% #
  2025-07:  +3.73% ###
  2025-08:  +3.33% ###
  2025-09:  -2.30% ##
  2025-10:  -2.90% ##
  2025-11:  -2.54% ##
  2025-12:  -6.14% ######
  2026-01:  -0.71% 
  2026-02:  -0.24% 
  2026-03:  +8.69% ########
  2026-04:  +9.00% #########
  2026-05:  -5.70% #####
  2026-06: +13.00% ############
  2026-07:  -4.94% ####
  2026-08:  -0.51% 
  2026-09:  -0.64% 
============================================================
